# Building nanos-lite-run [riscv32-nemu]
mkdir -p /home/cilinmengye/ics2023/nanos-lite/build/riscv32-nemu/./src/ && echo + CC src/main.c
riscv64-linux-gnu-gcc -std=gnu11 -O2 -MMD -Wall -Werror -I/home/cilinmengye/ics2023/nanos-lite/include -I/home/cilinmengye/ics2023/abstract-machine/am/include/ -I/home/cilinmengye/ics2023/abstract-machine/klib/include/ -Iinclude -I/home/cilinmengye/ics2023/navy-apps/libs/libc/include -D__ISA__=\"riscv32\" -D__ISA_RISCV32__ -D__ARCH__=riscv32-nemu -D__ARCH_RISCV32_NEMU -D__PLATFORM__=nemu -D__PLATFORM_NEMU -DARCH_H=\"arch/riscv.h\" -fno-asynchronous-unwind-tables -fno-builtin -fno-stack-protector -Wno-main -U_FORTIFY_SOURCE -fvisibility=hidden -fno-pic -march=rv64g -mcmodel=medany -mstrict-align -march=rv32im_zicsr -mabi=ilp32    -static -fdata-sections -ffunction-sections -DMAINARGS=\"\" -I/home/cilinmengye/ics2023/abstract-machine/am/src/platform/nemu/include -DISA_H=\"riscv/riscv.h\" -c -o /home/cilinmengye/ics2023/nanos-lite/build/riscv32-nemu/./src/main.o /home/cilinmengye/ics2023/nanos-lite/src/main.c
mkdir -p /home/cilinmengye/ics2023/nanos-lite/build/riscv32-nemu/./src/ && echo + CC src/loader.c
riscv64-linux-gnu-gcc -std=gnu11 -O2 -MMD -Wall -Werror -I/home/cilinmengye/ics2023/nanos-lite/include -I/home/cilinmengye/ics2023/abstract-machine/am/include/ -I/home/cilinmengye/ics2023/abstract-machine/klib/include/ -Iinclude -I/home/cilinmengye/ics2023/navy-apps/libs/libc/include -D__ISA__=\"riscv32\" -D__ISA_RISCV32__ -D__ARCH__=riscv32-nemu -D__ARCH_RISCV32_NEMU -D__PLATFORM__=nemu -D__PLATFORM_NEMU -DARCH_H=\"arch/riscv.h\" -fno-asynchronous-unwind-tables -fno-builtin -fno-stack-protector -Wno-main -U_FORTIFY_SOURCE -fvisibility=hidden -fno-pic -march=rv64g -mcmodel=medany -mstrict-align -march=rv32im_zicsr -mabi=ilp32    -static -fdata-sections -ffunction-sections -DMAINARGS=\"\" -I/home/cilinmengye/ics2023/abstract-machine/am/src/platform/nemu/include -DISA_H=\"riscv/riscv.h\" -c -o /home/cilinmengye/ics2023/nanos-lite/build/riscv32-nemu/./src/loader.o /home/cilinmengye/ics2023/nanos-lite/src/loader.c
mkdir -p /home/cilinmengye/ics2023/nanos-lite/build/riscv32-nemu/./src/ && echo + CC src/device.c
riscv64-linux-gnu-gcc -std=gnu11 -O2 -MMD -Wall -Werror -I/home/cilinmengye/ics2023/nanos-lite/include -I/home/cilinmengye/ics2023/abstract-machine/am/include/ -I/home/cilinmengye/ics2023/abstract-machine/klib/include/ -Iinclude -I/home/cilinmengye/ics2023/navy-apps/libs/libc/include -D__ISA__=\"riscv32\" -D__ISA_RISCV32__ -D__ARCH__=riscv32-nemu -D__ARCH_RISCV32_NEMU -D__PLATFORM__=nemu -D__PLATFORM_NEMU -DARCH_H=\"arch/riscv.h\" -fno-asynchronous-unwind-tables -fno-builtin -fno-stack-protector -Wno-main -U_FORTIFY_SOURCE -fvisibility=hidden -fno-pic -march=rv64g -mcmodel=medany -mstrict-align -march=rv32im_zicsr -mabi=ilp32    -static -fdata-sections -ffunction-sections -DMAINARGS=\"\" -I/home/cilinmengye/ics2023/abstract-machine/am/src/platform/nemu/include -DISA_H=\"riscv/riscv.h\" -c -o /home/cilinmengye/ics2023/nanos-lite/build/riscv32-nemu/./src/device.o /home/cilinmengye/ics2023/nanos-lite/src/device.c
mkdir -p /home/cilinmengye/ics2023/nanos-lite/build/riscv32-nemu/./src/ && echo + CC src/ramdisk.c
riscv64-linux-gnu-gcc -std=gnu11 -O2 -MMD -Wall -Werror -I/home/cilinmengye/ics2023/nanos-lite/include -I/home/cilinmengye/ics2023/abstract-machine/am/include/ -I/home/cilinmengye/ics2023/abstract-machine/klib/include/ -Iinclude -I/home/cilinmengye/ics2023/navy-apps/libs/libc/include -D__ISA__=\"riscv32\" -D__ISA_RISCV32__ -D__ARCH__=riscv32-nemu -D__ARCH_RISCV32_NEMU -D__PLATFORM__=nemu -D__PLATFORM_NEMU -DARCH_H=\"arch/riscv.h\" -fno-asynchronous-unwind-tables -fno-builtin -fno-stack-protector -Wno-main -U_FORTIFY_SOURCE -fvisibility=hidden -fno-pic -march=rv64g -mcmodel=medany -mstrict-align -march=rv32im_zicsr -mabi=ilp32    -static -fdata-sections -ffunction-sections -DMAINARGS=\"\" -I/home/cilinmengye/ics2023/abstract-machine/am/src/platform/nemu/include -DISA_H=\"riscv/riscv.h\" -c -o /home/cilinmengye/ics2023/nanos-lite/build/riscv32-nemu/./src/ramdisk.o /home/cilinmengye/ics2023/nanos-lite/src/ramdisk.c
mkdir -p /home/cilinmengye/ics2023/nanos-lite/build/riscv32-nemu/./src/ && echo + CC src/syscall.c
riscv64-linux-gnu-gcc -std=gnu11 -O2 -MMD -Wall -Werror -I/home/cilinmengye/ics2023/nanos-lite/include -I/home/cilinmengye/ics2023/abstract-machine/am/include/ -I/home/cilinmengye/ics2023/abstract-machine/klib/include/ -Iinclude -I/home/cilinmengye/ics2023/navy-apps/libs/libc/include -D__ISA__=\"riscv32\" -D__ISA_RISCV32__ -D__ARCH__=riscv32-nemu -D__ARCH_RISCV32_NEMU -D__PLATFORM__=nemu -D__PLATFORM_NEMU -DARCH_H=\"arch/riscv.h\" -fno-asynchronous-unwind-tables -fno-builtin -fno-stack-protector -Wno-main -U_FORTIFY_SOURCE -fvisibility=hidden -fno-pic -march=rv64g -mcmodel=medany -mstrict-align -march=rv32im_zicsr -mabi=ilp32    -static -fdata-sections -ffunction-sections -DMAINARGS=\"\" -I/home/cilinmengye/ics2023/abstract-machine/am/src/platform/nemu/include -DISA_H=\"riscv/riscv.h\" -c -o /home/cilinmengye/ics2023/nanos-lite/build/riscv32-nemu/./src/syscall.o /home/cilinmengye/ics2023/nanos-lite/src/syscall.c
mkdir -p /home/cilinmengye/ics2023/nanos-lite/build/riscv32-nemu/./src/ && echo + CC src/fs.c
riscv64-linux-gnu-gcc -std=gnu11 -O2 -MMD -Wall -Werror -I/home/cilinmengye/ics2023/nanos-lite/include -I/home/cilinmengye/ics2023/abstract-machine/am/include/ -I/home/cilinmengye/ics2023/abstract-machine/klib/include/ -Iinclude -I/home/cilinmengye/ics2023/navy-apps/libs/libc/include -D__ISA__=\"riscv32\" -D__ISA_RISCV32__ -D__ARCH__=riscv32-nemu -D__ARCH_RISCV32_NEMU -D__PLATFORM__=nemu -D__PLATFORM_NEMU -DARCH_H=\"arch/riscv.h\" -fno-asynchronous-unwind-tables -fno-builtin -fno-stack-protector -Wno-main -U_FORTIFY_SOURCE -fvisibility=hidden -fno-pic -march=rv64g -mcmodel=medany -mstrict-align -march=rv32im_zicsr -mabi=ilp32    -static -fdata-sections -ffunction-sections -DMAINARGS=\"\" -I/home/cilinmengye/ics2023/abstract-machine/am/src/platform/nemu/include -DISA_H=\"riscv/riscv.h\" -c -o /home/cilinmengye/ics2023/nanos-lite/build/riscv32-nemu/./src/fs.o /home/cilinmengye/ics2023/nanos-lite/src/fs.c
mkdir -p /home/cilinmengye/ics2023/nanos-lite/build/riscv32-nemu/./src/ && echo + CC src/proc.c
riscv64-linux-gnu-gcc -std=gnu11 -O2 -MMD -Wall -Werror -I/home/cilinmengye/ics2023/nanos-lite/include -I/home/cilinmengye/ics2023/abstract-machine/am/include/ -I/home/cilinmengye/ics2023/abstract-machine/klib/include/ -Iinclude -I/home/cilinmengye/ics2023/navy-apps/libs/libc/include -D__ISA__=\"riscv32\" -D__ISA_RISCV32__ -D__ARCH__=riscv32-nemu -D__ARCH_RISCV32_NEMU -D__PLATFORM__=nemu -D__PLATFORM_NEMU -DARCH_H=\"arch/riscv.h\" -fno-asynchronous-unwind-tables -fno-builtin -fno-stack-protector -Wno-main -U_FORTIFY_SOURCE -fvisibility=hidden -fno-pic -march=rv64g -mcmodel=medany -mstrict-align -march=rv32im_zicsr -mabi=ilp32    -static -fdata-sections -ffunction-sections -DMAINARGS=\"\" -I/home/cilinmengye/ics2023/abstract-machine/am/src/platform/nemu/include -DISA_H=\"riscv/riscv.h\" -c -o /home/cilinmengye/ics2023/nanos-lite/build/riscv32-nemu/./src/proc.o /home/cilinmengye/ics2023/nanos-lite/src/proc.c
mkdir -p /home/cilinmengye/ics2023/nanos-lite/build/riscv32-nemu/./src/ && echo + CC src/irq.c
riscv64-linux-gnu-gcc -std=gnu11 -O2 -MMD -Wall -Werror -I/home/cilinmengye/ics2023/nanos-lite/include -I/home/cilinmengye/ics2023/abstract-machine/am/include/ -I/home/cilinmengye/ics2023/abstract-machine/klib/include/ -Iinclude -I/home/cilinmengye/ics2023/navy-apps/libs/libc/include -D__ISA__=\"riscv32\" -D__ISA_RISCV32__ -D__ARCH__=riscv32-nemu -D__ARCH_RISCV32_NEMU -D__PLATFORM__=nemu -D__PLATFORM_NEMU -DARCH_H=\"arch/riscv.h\" -fno-asynchronous-unwind-tables -fno-builtin -fno-stack-protector -Wno-main -U_FORTIFY_SOURCE -fvisibility=hidden -fno-pic -march=rv64g -mcmodel=medany -mstrict-align -march=rv32im_zicsr -mabi=ilp32    -static -fdata-sections -ffunction-sections -DMAINARGS=\"\" -I/home/cilinmengye/ics2023/abstract-machine/am/src/platform/nemu/include -DISA_H=\"riscv/riscv.h\" -c -o /home/cilinmengye/ics2023/nanos-lite/build/riscv32-nemu/./src/irq.o /home/cilinmengye/ics2023/nanos-lite/src/irq.c
touch src/resources.S
mkdir -p /home/cilinmengye/ics2023/nanos-lite/build/riscv32-nemu/./src/ && echo + AS src/resources.S
riscv64-linux-gnu-gcc -MMD -I/home/cilinmengye/ics2023/nanos-lite/include -I/home/cilinmengye/ics2023/abstract-machine/am/include/ -I/home/cilinmengye/ics2023/abstract-machine/klib/include/ -Iinclude -I/home/cilinmengye/ics2023/navy-apps/libs/libc/include -fno-pic -march=rv64g -mcmodel=medany -mstrict-align -march=rv32im_zicsr -mabi=ilp32    -O0 -c -o /home/cilinmengye/ics2023/nanos-lite/build/riscv32-nemu/./src/resources.o /home/cilinmengye/ics2023/nanos-lite/src/resources.S
mkdir -p /home/cilinmengye/ics2023/nanos-lite/build/riscv32-nemu/./src/ && echo + CC src/mm.c
riscv64-linux-gnu-gcc -std=gnu11 -O2 -MMD -Wall -Werror -I/home/cilinmengye/ics2023/nanos-lite/include -I/home/cilinmengye/ics2023/abstract-machine/am/include/ -I/home/cilinmengye/ics2023/abstract-machine/klib/include/ -Iinclude -I/home/cilinmengye/ics2023/navy-apps/libs/libc/include -D__ISA__=\"riscv32\" -D__ISA_RISCV32__ -D__ARCH__=riscv32-nemu -D__ARCH_RISCV32_NEMU -D__PLATFORM__=nemu -D__PLATFORM_NEMU -DARCH_H=\"arch/riscv.h\" -fno-asynchronous-unwind-tables -fno-builtin -fno-stack-protector -Wno-main -U_FORTIFY_SOURCE -fvisibility=hidden -fno-pic -march=rv64g -mcmodel=medany -mstrict-align -march=rv32im_zicsr -mabi=ilp32    -static -fdata-sections -ffunction-sections -DMAINARGS=\"\" -I/home/cilinmengye/ics2023/abstract-machine/am/src/platform/nemu/include -DISA_H=\"riscv/riscv.h\" -c -o /home/cilinmengye/ics2023/nanos-lite/build/riscv32-nemu/./src/mm.o /home/cilinmengye/ics2023/nanos-lite/src/mm.c
make -s -C /home/cilinmengye/ics2023/abstract-machine/am archive
# Building am-archive [riscv32-nemu]
mkdir -p /home/cilinmengye/ics2023/abstract-machine/am/build/riscv32-nemu/src/platform/nemu/ && echo + CC src/platform/nemu/trm.c
riscv64-linux-gnu-gcc -std=gnu11 -O2 -MMD -Wall -Werror -I/home/cilinmengye/ics2023/abstract-machine/am/src -I/home/cilinmengye/ics2023/abstract-machine/am/include -I/home/cilinmengye/ics2023/abstract-machine/am/include/ -I/home/cilinmengye/ics2023/abstract-machine/klib/include/ -D__ISA__=\"riscv32\" -D__ISA_RISCV32__ -D__ARCH__=riscv32-nemu -D__ARCH_RISCV32_NEMU -D__PLATFORM__=nemu -D__PLATFORM_NEMU -DARCH_H=\"arch/riscv.h\" -fno-asynchronous-unwind-tables -fno-builtin -fno-stack-protector -Wno-main -U_FORTIFY_SOURCE -fvisibility=hidden -fno-pic -march=rv64g -mcmodel=medany -mstrict-align -march=rv32im_zicsr -mabi=ilp32    -static -fdata-sections -ffunction-sections -DMAINARGS=\"\" -I/home/cilinmengye/ics2023/abstract-machine/am/src/platform/nemu/include -DISA_H=\"riscv/riscv.h\" -c -o /home/cilinmengye/ics2023/abstract-machine/am/build/riscv32-nemu/src/platform/nemu/trm.o /home/cilinmengye/ics2023/abstract-machine/am/src/platform/nemu/trm.c
mkdir -p /home/cilinmengye/ics2023/abstract-machine/am/build/riscv32-nemu/src/platform/nemu/ioe/ && echo + CC src/platform/nemu/ioe/ioe.c
riscv64-linux-gnu-gcc -std=gnu11 -O2 -MMD -Wall -Werror -I/home/cilinmengye/ics2023/abstract-machine/am/src -I/home/cilinmengye/ics2023/abstract-machine/am/include -I/home/cilinmengye/ics2023/abstract-machine/am/include/ -I/home/cilinmengye/ics2023/abstract-machine/klib/include/ -D__ISA__=\"riscv32\" -D__ISA_RISCV32__ -D__ARCH__=riscv32-nemu -D__ARCH_RISCV32_NEMU -D__PLATFORM__=nemu -D__PLATFORM_NEMU -DARCH_H=\"arch/riscv.h\" -fno-asynchronous-unwind-tables -fno-builtin -fno-stack-protector -Wno-main -U_FORTIFY_SOURCE -fvisibility=hidden -fno-pic -march=rv64g -mcmodel=medany -mstrict-align -march=rv32im_zicsr -mabi=ilp32    -static -fdata-sections -ffunction-sections -DMAINARGS=\"\" -I/home/cilinmengye/ics2023/abstract-machine/am/src/platform/nemu/include -DISA_H=\"riscv/riscv.h\" -c -o /home/cilinmengye/ics2023/abstract-machine/am/build/riscv32-nemu/src/platform/nemu/ioe/ioe.o /home/cilinmengye/ics2023/abstract-machine/am/src/platform/nemu/ioe/ioe.c
mkdir -p /home/cilinmengye/ics2023/abstract-machine/am/build/riscv32-nemu/src/platform/nemu/ioe/ && echo + CC src/platform/nemu/ioe/timer.c
riscv64-linux-gnu-gcc -std=gnu11 -O2 -MMD -Wall -Werror -I/home/cilinmengye/ics2023/abstract-machine/am/src -I/home/cilinmengye/ics2023/abstract-machine/am/include -I/home/cilinmengye/ics2023/abstract-machine/am/include/ -I/home/cilinmengye/ics2023/abstract-machine/klib/include/ -D__ISA__=\"riscv32\" -D__ISA_RISCV32__ -D__ARCH__=riscv32-nemu -D__ARCH_RISCV32_NEMU -D__PLATFORM__=nemu -D__PLATFORM_NEMU -DARCH_H=\"arch/riscv.h\" -fno-asynchronous-unwind-tables -fno-builtin -fno-stack-protector -Wno-main -U_FORTIFY_SOURCE -fvisibility=hidden -fno-pic -march=rv64g -mcmodel=medany -mstrict-align -march=rv32im_zicsr -mabi=ilp32    -static -fdata-sections -ffunction-sections -DMAINARGS=\"\" -I/home/cilinmengye/ics2023/abstract-machine/am/src/platform/nemu/include -DISA_H=\"riscv/riscv.h\" -c -o /home/cilinmengye/ics2023/abstract-machine/am/build/riscv32-nemu/src/platform/nemu/ioe/timer.o /home/cilinmengye/ics2023/abstract-machine/am/src/platform/nemu/ioe/timer.c
mkdir -p /home/cilinmengye/ics2023/abstract-machine/am/build/riscv32-nemu/src/platform/nemu/ioe/ && echo + CC src/platform/nemu/ioe/input.c
riscv64-linux-gnu-gcc -std=gnu11 -O2 -MMD -Wall -Werror -I/home/cilinmengye/ics2023/abstract-machine/am/src -I/home/cilinmengye/ics2023/abstract-machine/am/include -I/home/cilinmengye/ics2023/abstract-machine/am/include/ -I/home/cilinmengye/ics2023/abstract-machine/klib/include/ -D__ISA__=\"riscv32\" -D__ISA_RISCV32__ -D__ARCH__=riscv32-nemu -D__ARCH_RISCV32_NEMU -D__PLATFORM__=nemu -D__PLATFORM_NEMU -DARCH_H=\"arch/riscv.h\" -fno-asynchronous-unwind-tables -fno-builtin -fno-stack-protector -Wno-main -U_FORTIFY_SOURCE -fvisibility=hidden -fno-pic -march=rv64g -mcmodel=medany -mstrict-align -march=rv32im_zicsr -mabi=ilp32    -static -fdata-sections -ffunction-sections -DMAINARGS=\"\" -I/home/cilinmengye/ics2023/abstract-machine/am/src/platform/nemu/include -DISA_H=\"riscv/riscv.h\" -c -o /home/cilinmengye/ics2023/abstract-machine/am/build/riscv32-nemu/src/platform/nemu/ioe/input.o /home/cilinmengye/ics2023/abstract-machine/am/src/platform/nemu/ioe/input.c
mkdir -p /home/cilinmengye/ics2023/abstract-machine/am/build/riscv32-nemu/src/platform/nemu/ioe/ && echo + CC src/platform/nemu/ioe/gpu.c
riscv64-linux-gnu-gcc -std=gnu11 -O2 -MMD -Wall -Werror -I/home/cilinmengye/ics2023/abstract-machine/am/src -I/home/cilinmengye/ics2023/abstract-machine/am/include -I/home/cilinmengye/ics2023/abstract-machine/am/include/ -I/home/cilinmengye/ics2023/abstract-machine/klib/include/ -D__ISA__=\"riscv32\" -D__ISA_RISCV32__ -D__ARCH__=riscv32-nemu -D__ARCH_RISCV32_NEMU -D__PLATFORM__=nemu -D__PLATFORM_NEMU -DARCH_H=\"arch/riscv.h\" -fno-asynchronous-unwind-tables -fno-builtin -fno-stack-protector -Wno-main -U_FORTIFY_SOURCE -fvisibility=hidden -fno-pic -march=rv64g -mcmodel=medany -mstrict-align -march=rv32im_zicsr -mabi=ilp32    -static -fdata-sections -ffunction-sections -DMAINARGS=\"\" -I/home/cilinmengye/ics2023/abstract-machine/am/src/platform/nemu/include -DISA_H=\"riscv/riscv.h\" -c -o /home/cilinmengye/ics2023/abstract-machine/am/build/riscv32-nemu/src/platform/nemu/ioe/gpu.o /home/cilinmengye/ics2023/abstract-machine/am/src/platform/nemu/ioe/gpu.c
mkdir -p /home/cilinmengye/ics2023/abstract-machine/am/build/riscv32-nemu/src/platform/nemu/ioe/ && echo + CC src/platform/nemu/ioe/audio.c
riscv64-linux-gnu-gcc -std=gnu11 -O2 -MMD -Wall -Werror -I/home/cilinmengye/ics2023/abstract-machine/am/src -I/home/cilinmengye/ics2023/abstract-machine/am/include -I/home/cilinmengye/ics2023/abstract-machine/am/include/ -I/home/cilinmengye/ics2023/abstract-machine/klib/include/ -D__ISA__=\"riscv32\" -D__ISA_RISCV32__ -D__ARCH__=riscv32-nemu -D__ARCH_RISCV32_NEMU -D__PLATFORM__=nemu -D__PLATFORM_NEMU -DARCH_H=\"arch/riscv.h\" -fno-asynchronous-unwind-tables -fno-builtin -fno-stack-protector -Wno-main -U_FORTIFY_SOURCE -fvisibility=hidden -fno-pic -march=rv64g -mcmodel=medany -mstrict-align -march=rv32im_zicsr -mabi=ilp32    -static -fdata-sections -ffunction-sections -DMAINARGS=\"\" -I/home/cilinmengye/ics2023/abstract-machine/am/src/platform/nemu/include -DISA_H=\"riscv/riscv.h\" -c -o /home/cilinmengye/ics2023/abstract-machine/am/build/riscv32-nemu/src/platform/nemu/ioe/audio.o /home/cilinmengye/ics2023/abstract-machine/am/src/platform/nemu/ioe/audio.c
mkdir -p /home/cilinmengye/ics2023/abstract-machine/am/build/riscv32-nemu/src/platform/nemu/ioe/ && echo + CC src/platform/nemu/ioe/disk.c
riscv64-linux-gnu-gcc -std=gnu11 -O2 -MMD -Wall -Werror -I/home/cilinmengye/ics2023/abstract-machine/am/src -I/home/cilinmengye/ics2023/abstract-machine/am/include -I/home/cilinmengye/ics2023/abstract-machine/am/include/ -I/home/cilinmengye/ics2023/abstract-machine/klib/include/ -D__ISA__=\"riscv32\" -D__ISA_RISCV32__ -D__ARCH__=riscv32-nemu -D__ARCH_RISCV32_NEMU -D__PLATFORM__=nemu -D__PLATFORM_NEMU -DARCH_H=\"arch/riscv.h\" -fno-asynchronous-unwind-tables -fno-builtin -fno-stack-protector -Wno-main -U_FORTIFY_SOURCE -fvisibility=hidden -fno-pic -march=rv64g -mcmodel=medany -mstrict-align -march=rv32im_zicsr -mabi=ilp32    -static -fdata-sections -ffunction-sections -DMAINARGS=\"\" -I/home/cilinmengye/ics2023/abstract-machine/am/src/platform/nemu/include -DISA_H=\"riscv/riscv.h\" -c -o /home/cilinmengye/ics2023/abstract-machine/am/build/riscv32-nemu/src/platform/nemu/ioe/disk.o /home/cilinmengye/ics2023/abstract-machine/am/src/platform/nemu/ioe/disk.c
mkdir -p /home/cilinmengye/ics2023/abstract-machine/am/build/riscv32-nemu/src/platform/nemu/ && echo + CC src/platform/nemu/mpe.c
riscv64-linux-gnu-gcc -std=gnu11 -O2 -MMD -Wall -Werror -I/home/cilinmengye/ics2023/abstract-machine/am/src -I/home/cilinmengye/ics2023/abstract-machine/am/include -I/home/cilinmengye/ics2023/abstract-machine/am/include/ -I/home/cilinmengye/ics2023/abstract-machine/klib/include/ -D__ISA__=\"riscv32\" -D__ISA_RISCV32__ -D__ARCH__=riscv32-nemu -D__ARCH_RISCV32_NEMU -D__PLATFORM__=nemu -D__PLATFORM_NEMU -DARCH_H=\"arch/riscv.h\" -fno-asynchronous-unwind-tables -fno-builtin -fno-stack-protector -Wno-main -U_FORTIFY_SOURCE -fvisibility=hidden -fno-pic -march=rv64g -mcmodel=medany -mstrict-align -march=rv32im_zicsr -mabi=ilp32    -static -fdata-sections -ffunction-sections -DMAINARGS=\"\" -I/home/cilinmengye/ics2023/abstract-machine/am/src/platform/nemu/include -DISA_H=\"riscv/riscv.h\" -c -o /home/cilinmengye/ics2023/abstract-machine/am/build/riscv32-nemu/src/platform/nemu/mpe.o /home/cilinmengye/ics2023/abstract-machine/am/src/platform/nemu/mpe.c
mkdir -p /home/cilinmengye/ics2023/abstract-machine/am/build/riscv32-nemu/src/riscv/nemu/ && echo + AS src/riscv/nemu/start.S
riscv64-linux-gnu-gcc -MMD -I/home/cilinmengye/ics2023/abstract-machine/am/src -I/home/cilinmengye/ics2023/abstract-machine/am/include -I/home/cilinmengye/ics2023/abstract-machine/am/include/ -I/home/cilinmengye/ics2023/abstract-machine/klib/include/ -fno-pic -march=rv64g -mcmodel=medany -mstrict-align -march=rv32im_zicsr -mabi=ilp32    -O0 -c -o /home/cilinmengye/ics2023/abstract-machine/am/build/riscv32-nemu/src/riscv/nemu/start.o /home/cilinmengye/ics2023/abstract-machine/am/src/riscv/nemu/start.S
mkdir -p /home/cilinmengye/ics2023/abstract-machine/am/build/riscv32-nemu/src/riscv/nemu/ && echo + CC src/riscv/nemu/cte.c
riscv64-linux-gnu-gcc -std=gnu11 -O2 -MMD -Wall -Werror -I/home/cilinmengye/ics2023/abstract-machine/am/src -I/home/cilinmengye/ics2023/abstract-machine/am/include -I/home/cilinmengye/ics2023/abstract-machine/am/include/ -I/home/cilinmengye/ics2023/abstract-machine/klib/include/ -D__ISA__=\"riscv32\" -D__ISA_RISCV32__ -D__ARCH__=riscv32-nemu -D__ARCH_RISCV32_NEMU -D__PLATFORM__=nemu -D__PLATFORM_NEMU -DARCH_H=\"arch/riscv.h\" -fno-asynchronous-unwind-tables -fno-builtin -fno-stack-protector -Wno-main -U_FORTIFY_SOURCE -fvisibility=hidden -fno-pic -march=rv64g -mcmodel=medany -mstrict-align -march=rv32im_zicsr -mabi=ilp32    -static -fdata-sections -ffunction-sections -DMAINARGS=\"\" -I/home/cilinmengye/ics2023/abstract-machine/am/src/platform/nemu/include -DISA_H=\"riscv/riscv.h\" -c -o /home/cilinmengye/ics2023/abstract-machine/am/build/riscv32-nemu/src/riscv/nemu/cte.o /home/cilinmengye/ics2023/abstract-machine/am/src/riscv/nemu/cte.c
mkdir -p /home/cilinmengye/ics2023/abstract-machine/am/build/riscv32-nemu/src/riscv/nemu/ && echo + AS src/riscv/nemu/trap.S
riscv64-linux-gnu-gcc -MMD -I/home/cilinmengye/ics2023/abstract-machine/am/src -I/home/cilinmengye/ics2023/abstract-machine/am/include -I/home/cilinmengye/ics2023/abstract-machine/am/include/ -I/home/cilinmengye/ics2023/abstract-machine/klib/include/ -fno-pic -march=rv64g -mcmodel=medany -mstrict-align -march=rv32im_zicsr -mabi=ilp32    -O0 -c -o /home/cilinmengye/ics2023/abstract-machine/am/build/riscv32-nemu/src/riscv/nemu/trap.o /home/cilinmengye/ics2023/abstract-machine/am/src/riscv/nemu/trap.S
mkdir -p /home/cilinmengye/ics2023/abstract-machine/am/build/riscv32-nemu/src/riscv/nemu/ && echo + CC src/riscv/nemu/vme.c
riscv64-linux-gnu-gcc -std=gnu11 -O2 -MMD -Wall -Werror -I/home/cilinmengye/ics2023/abstract-machine/am/src -I/home/cilinmengye/ics2023/abstract-machine/am/include -I/home/cilinmengye/ics2023/abstract-machine/am/include/ -I/home/cilinmengye/ics2023/abstract-machine/klib/include/ -D__ISA__=\"riscv32\" -D__ISA_RISCV32__ -D__ARCH__=riscv32-nemu -D__ARCH_RISCV32_NEMU -D__PLATFORM__=nemu -D__PLATFORM_NEMU -DARCH_H=\"arch/riscv.h\" -fno-asynchronous-unwind-tables -fno-builtin -fno-stack-protector -Wno-main -U_FORTIFY_SOURCE -fvisibility=hidden -fno-pic -march=rv64g -mcmodel=medany -mstrict-align -march=rv32im_zicsr -mabi=ilp32    -static -fdata-sections -ffunction-sections -DMAINARGS=\"\" -I/home/cilinmengye/ics2023/abstract-machine/am/src/platform/nemu/include -DISA_H=\"riscv/riscv.h\" -c -o /home/cilinmengye/ics2023/abstract-machine/am/build/riscv32-nemu/src/riscv/nemu/vme.o /home/cilinmengye/ics2023/abstract-machine/am/src/riscv/nemu/vme.c
echo + AR "->" build/am-riscv32-nemu.a
riscv64-linux-gnu-ar rcs /home/cilinmengye/ics2023/abstract-machine/am/build/am-riscv32-nemu.a /home/cilinmengye/ics2023/abstract-machine/am/build/riscv32-nemu/src/platform/nemu/trm.o /home/cilinmengye/ics2023/abstract-machine/am/build/riscv32-nemu/src/platform/nemu/ioe/ioe.o /home/cilinmengye/ics2023/abstract-machine/am/build/riscv32-nemu/src/platform/nemu/ioe/timer.o /home/cilinmengye/ics2023/abstract-machine/am/build/riscv32-nemu/src/platform/nemu/ioe/input.o /home/cilinmengye/ics2023/abstract-machine/am/build/riscv32-nemu/src/platform/nemu/ioe/gpu.o /home/cilinmengye/ics2023/abstract-machine/am/build/riscv32-nemu/src/platform/nemu/ioe/audio.o /home/cilinmengye/ics2023/abstract-machine/am/build/riscv32-nemu/src/platform/nemu/ioe/disk.o /home/cilinmengye/ics2023/abstract-machine/am/build/riscv32-nemu/src/platform/nemu/mpe.o /home/cilinmengye/ics2023/abstract-machine/am/build/riscv32-nemu/src/riscv/nemu/start.o /home/cilinmengye/ics2023/abstract-machine/am/build/riscv32-nemu/src/riscv/nemu/cte.o /home/cilinmengye/ics2023/abstract-machine/am/build/riscv32-nemu/src/riscv/nemu/trap.o /home/cilinmengye/ics2023/abstract-machine/am/build/riscv32-nemu/src/riscv/nemu/vme.o
make -s -C /home/cilinmengye/ics2023/abstract-machine/klib archive
# Building klib-archive [riscv32-nemu]
mkdir -p /home/cilinmengye/ics2023/abstract-machine/klib/build/riscv32-nemu/src/ && echo + CC src/string.c
riscv64-linux-gnu-gcc -std=gnu11 -O2 -MMD -Wall -Werror -I/home/cilinmengye/ics2023/abstract-machine/klib/include -I/home/cilinmengye/ics2023/abstract-machine/am/include/ -I/home/cilinmengye/ics2023/abstract-machine/klib/include/ -D__ISA__=\"riscv32\" -D__ISA_RISCV32__ -D__ARCH__=riscv32-nemu -D__ARCH_RISCV32_NEMU -D__PLATFORM__=nemu -D__PLATFORM_NEMU -DARCH_H=\"arch/riscv.h\" -fno-asynchronous-unwind-tables -fno-builtin -fno-stack-protector -Wno-main -U_FORTIFY_SOURCE -fvisibility=hidden -fno-pic -march=rv64g -mcmodel=medany -mstrict-align -march=rv32im_zicsr -mabi=ilp32    -static -fdata-sections -ffunction-sections -DMAINARGS=\"\" -I/home/cilinmengye/ics2023/abstract-machine/am/src/platform/nemu/include -DISA_H=\"riscv/riscv.h\" -c -o /home/cilinmengye/ics2023/abstract-machine/klib/build/riscv32-nemu/src/string.o /home/cilinmengye/ics2023/abstract-machine/klib/src/string.c
mkdir -p /home/cilinmengye/ics2023/abstract-machine/klib/build/riscv32-nemu/src/ && echo + CC src/stdlib.c
riscv64-linux-gnu-gcc -std=gnu11 -O2 -MMD -Wall -Werror -I/home/cilinmengye/ics2023/abstract-machine/klib/include -I/home/cilinmengye/ics2023/abstract-machine/am/include/ -I/home/cilinmengye/ics2023/abstract-machine/klib/include/ -D__ISA__=\"riscv32\" -D__ISA_RISCV32__ -D__ARCH__=riscv32-nemu -D__ARCH_RISCV32_NEMU -D__PLATFORM__=nemu -D__PLATFORM_NEMU -DARCH_H=\"arch/riscv.h\" -fno-asynchronous-unwind-tables -fno-builtin -fno-stack-protector -Wno-main -U_FORTIFY_SOURCE -fvisibility=hidden -fno-pic -march=rv64g -mcmodel=medany -mstrict-align -march=rv32im_zicsr -mabi=ilp32    -static -fdata-sections -ffunction-sections -DMAINARGS=\"\" -I/home/cilinmengye/ics2023/abstract-machine/am/src/platform/nemu/include -DISA_H=\"riscv/riscv.h\" -c -o /home/cilinmengye/ics2023/abstract-machine/klib/build/riscv32-nemu/src/stdlib.o /home/cilinmengye/ics2023/abstract-machine/klib/src/stdlib.c
mkdir -p /home/cilinmengye/ics2023/abstract-machine/klib/build/riscv32-nemu/src/ && echo + CC src/cpp.c
riscv64-linux-gnu-gcc -std=gnu11 -O2 -MMD -Wall -Werror -I/home/cilinmengye/ics2023/abstract-machine/klib/include -I/home/cilinmengye/ics2023/abstract-machine/am/include/ -I/home/cilinmengye/ics2023/abstract-machine/klib/include/ -D__ISA__=\"riscv32\" -D__ISA_RISCV32__ -D__ARCH__=riscv32-nemu -D__ARCH_RISCV32_NEMU -D__PLATFORM__=nemu -D__PLATFORM_NEMU -DARCH_H=\"arch/riscv.h\" -fno-asynchronous-unwind-tables -fno-builtin -fno-stack-protector -Wno-main -U_FORTIFY_SOURCE -fvisibility=hidden -fno-pic -march=rv64g -mcmodel=medany -mstrict-align -march=rv32im_zicsr -mabi=ilp32    -static -fdata-sections -ffunction-sections -DMAINARGS=\"\" -I/home/cilinmengye/ics2023/abstract-machine/am/src/platform/nemu/include -DISA_H=\"riscv/riscv.h\" -c -o /home/cilinmengye/ics2023/abstract-machine/klib/build/riscv32-nemu/src/cpp.o /home/cilinmengye/ics2023/abstract-machine/klib/src/cpp.c
mkdir -p /home/cilinmengye/ics2023/abstract-machine/klib/build/riscv32-nemu/src/ && echo + CC src/stdio.c
riscv64-linux-gnu-gcc -std=gnu11 -O2 -MMD -Wall -Werror -I/home/cilinmengye/ics2023/abstract-machine/klib/include -I/home/cilinmengye/ics2023/abstract-machine/am/include/ -I/home/cilinmengye/ics2023/abstract-machine/klib/include/ -D__ISA__=\"riscv32\" -D__ISA_RISCV32__ -D__ARCH__=riscv32-nemu -D__ARCH_RISCV32_NEMU -D__PLATFORM__=nemu -D__PLATFORM_NEMU -DARCH_H=\"arch/riscv.h\" -fno-asynchronous-unwind-tables -fno-builtin -fno-stack-protector -Wno-main -U_FORTIFY_SOURCE -fvisibility=hidden -fno-pic -march=rv64g -mcmodel=medany -mstrict-align -march=rv32im_zicsr -mabi=ilp32    -static -fdata-sections -ffunction-sections -DMAINARGS=\"\" -I/home/cilinmengye/ics2023/abstract-machine/am/src/platform/nemu/include -DISA_H=\"riscv/riscv.h\" -c -o /home/cilinmengye/ics2023/abstract-machine/klib/build/riscv32-nemu/src/stdio.o /home/cilinmengye/ics2023/abstract-machine/klib/src/stdio.c
mkdir -p /home/cilinmengye/ics2023/abstract-machine/klib/build/riscv32-nemu/src/ && echo + CC src/int64.c
riscv64-linux-gnu-gcc -std=gnu11 -O2 -MMD -Wall -Werror -I/home/cilinmengye/ics2023/abstract-machine/klib/include -I/home/cilinmengye/ics2023/abstract-machine/am/include/ -I/home/cilinmengye/ics2023/abstract-machine/klib/include/ -D__ISA__=\"riscv32\" -D__ISA_RISCV32__ -D__ARCH__=riscv32-nemu -D__ARCH_RISCV32_NEMU -D__PLATFORM__=nemu -D__PLATFORM_NEMU -DARCH_H=\"arch/riscv.h\" -fno-asynchronous-unwind-tables -fno-builtin -fno-stack-protector -Wno-main -U_FORTIFY_SOURCE -fvisibility=hidden -fno-pic -march=rv64g -mcmodel=medany -mstrict-align -march=rv32im_zicsr -mabi=ilp32    -static -fdata-sections -ffunction-sections -DMAINARGS=\"\" -I/home/cilinmengye/ics2023/abstract-machine/am/src/platform/nemu/include -DISA_H=\"riscv/riscv.h\" -c -o /home/cilinmengye/ics2023/abstract-machine/klib/build/riscv32-nemu/src/int64.o /home/cilinmengye/ics2023/abstract-machine/klib/src/int64.c
echo + AR "->" build/klib-riscv32-nemu.a
riscv64-linux-gnu-ar rcs /home/cilinmengye/ics2023/abstract-machine/klib/build/klib-riscv32-nemu.a /home/cilinmengye/ics2023/abstract-machine/klib/build/riscv32-nemu/src/string.o /home/cilinmengye/ics2023/abstract-machine/klib/build/riscv32-nemu/src/stdlib.o /home/cilinmengye/ics2023/abstract-machine/klib/build/riscv32-nemu/src/cpp.o /home/cilinmengye/ics2023/abstract-machine/klib/build/riscv32-nemu/src/stdio.o /home/cilinmengye/ics2023/abstract-machine/klib/build/riscv32-nemu/src/int64.o
echo + LD "->" build/nanos-lite-riscv32-nemu.elf
riscv64-linux-gnu-ld
 -z
 noexecstack
 -melf64lriscv
 -T
 /home/cilinmengye/ics2023/abstract-machine/scripts/linker.ld
 --defsym=_pmem_start=0x80000000
 --defsym=_entry_offset=0x0
 --gc-sections
 -e
 _start
 -melf32lriscv
 -o
 /home/cilinmengye/ics2023/nanos-lite/build/nanos-lite-riscv32-nemu.elf
 --start-group
 /home/cilinmengye/ics2023/nanos-lite/build/riscv32-nemu/./src/main.o
 /home/cilinmengye/ics2023/nanos-lite/build/riscv32-nemu/./src/loader.o
 /home/cilinmengye/ics2023/nanos-lite/build/riscv32-nemu/./src/device.o
 /home/cilinmengye/ics2023/nanos-lite/build/riscv32-nemu/./src/ramdisk.o
 /home/cilinmengye/ics2023/nanos-lite/build/riscv32-nemu/./src/syscall.o
 /home/cilinmengye/ics2023/nanos-lite/build/riscv32-nemu/./src/fs.o
 /home/cilinmengye/ics2023/nanos-lite/build/riscv32-nemu/./src/proc.o
 /home/cilinmengye/ics2023/nanos-lite/build/riscv32-nemu/./src/irq.o
 /home/cilinmengye/ics2023/nanos-lite/build/riscv32-nemu/./src/resources.o
 /home/cilinmengye/ics2023/nanos-lite/build/riscv32-nemu/./src/mm.o
 /home/cilinmengye/ics2023/abstract-machine/am/build/am-riscv32-nemu.a
 /home/cilinmengye/ics2023/abstract-machine/klib/build/klib-riscv32-nemu.a
 --end-group
echo \# Creating image [riscv32-nemu]
riscv64-linux-gnu-objdump -d /home/cilinmengye/ics2023/nanos-lite/build/nanos-lite-riscv32-nemu.elf > /home/cilinmengye/ics2023/nanos-lite/build/nanos-lite-riscv32-nemu.txt
echo + OBJCOPY "->" build/nanos-lite-riscv32-nemu.bin
riscv64-linux-gnu-objcopy -S --set-section-flags .bss=alloc,contents -O binary /home/cilinmengye/ics2023/nanos-lite/build/nanos-lite-riscv32-nemu.elf /home/cilinmengye/ics2023/nanos-lite/build/nanos-lite-riscv32-nemu.bin
make -C /home/cilinmengye/ics2023/nemu ISA=riscv32 run ARGS="-l /home/cilinmengye/ics2023/nanos-lite/build/nemu-log.txt -b -e /home/cilinmengye/ics2023/nanos-lite/build/nanos-lite-riscv32-nemu.elf" IMG=/home/cilinmengye/ics2023/nanos-lite/build/nanos-lite-riscv32-nemu.bin
make[1]: Entering directory '/home/cilinmengye/ics2023/nemu'
echo + CC src/nemu-main.c
mkdir -p /home/cilinmengye/ics2023/nemu/build/obj-riscv32-nemu-interpreter/src/
gcc -O2 -MMD -Wall -Werror -I/home/cilinmengye/ics2023/nemu/include -I/home/cilinmengye/ics2023/nemu/src/engine/interpreter -I/home/cilinmengye/ics2023/nemu/src/isa/riscv32/include -O2  -Og -ggdb3   -DITRACE_COND=true -D__GUEST_ISA__=riscv32 -c -o /home/cilinmengye/ics2023/nemu/build/obj-riscv32-nemu-interpreter/src/nemu-main.o src/nemu-main.c
/home/cilinmengye/ics2023/nemu/tools/fixdep/build/fixdep  /home/cilinmengye/ics2023/nemu/build/obj-riscv32-nemu-interpreter/src/nemu-main.d  /home/cilinmengye/ics2023/nemu/build/obj-riscv32-nemu-interpreter/src/nemu-main.o unused >  /home/cilinmengye/ics2023/nemu/build/obj-riscv32-nemu-interpreter/src/nemu-main.d.tmp
mv  /home/cilinmengye/ics2023/nemu/build/obj-riscv32-nemu-interpreter/src/nemu-main.d.tmp  /home/cilinmengye/ics2023/nemu/build/obj-riscv32-nemu-interpreter/src/nemu-main.d
echo + CC src/device/device.c
mkdir -p /home/cilinmengye/ics2023/nemu/build/obj-riscv32-nemu-interpreter/src/device/
gcc -O2 -MMD -Wall -Werror -I/home/cilinmengye/ics2023/nemu/include -I/home/cilinmengye/ics2023/nemu/src/engine/interpreter -I/home/cilinmengye/ics2023/nemu/src/isa/riscv32/include -O2  -Og -ggdb3   -DITRACE_COND=true -D__GUEST_ISA__=riscv32 -c -o /home/cilinmengye/ics2023/nemu/build/obj-riscv32-nemu-interpreter/src/device/device.o src/device/device.c
/home/cilinmengye/ics2023/nemu/tools/fixdep/build/fixdep  /home/cilinmengye/ics2023/nemu/build/obj-riscv32-nemu-interpreter/src/device/device.d  /home/cilinmengye/ics2023/nemu/build/obj-riscv32-nemu-interpreter/src/device/device.o unused >  /home/cilinmengye/ics2023/nemu/build/obj-riscv32-nemu-interpreter/src/device/device.d.tmp
mv  /home/cilinmengye/ics2023/nemu/build/obj-riscv32-nemu-interpreter/src/device/device.d.tmp  /home/cilinmengye/ics2023/nemu/build/obj-riscv32-nemu-interpreter/src/device/device.d
echo + CC src/device/alarm.c
mkdir -p /home/cilinmengye/ics2023/nemu/build/obj-riscv32-nemu-interpreter/src/device/
gcc -O2 -MMD -Wall -Werror -I/home/cilinmengye/ics2023/nemu/include -I/home/cilinmengye/ics2023/nemu/src/engine/interpreter -I/home/cilinmengye/ics2023/nemu/src/isa/riscv32/include -O2  -Og -ggdb3   -DITRACE_COND=true -D__GUEST_ISA__=riscv32 -c -o /home/cilinmengye/ics2023/nemu/build/obj-riscv32-nemu-interpreter/src/device/alarm.o src/device/alarm.c
/home/cilinmengye/ics2023/nemu/tools/fixdep/build/fixdep  /home/cilinmengye/ics2023/nemu/build/obj-riscv32-nemu-interpreter/src/device/alarm.d  /home/cilinmengye/ics2023/nemu/build/obj-riscv32-nemu-interpreter/src/device/alarm.o unused >  /home/cilinmengye/ics2023/nemu/build/obj-riscv32-nemu-interpreter/src/device/alarm.d.tmp
mv  /home/cilinmengye/ics2023/nemu/build/obj-riscv32-nemu-interpreter/src/device/alarm.d.tmp  /home/cilinmengye/ics2023/nemu/build/obj-riscv32-nemu-interpreter/src/device/alarm.d
echo + CC src/device/intr.c
mkdir -p /home/cilinmengye/ics2023/nemu/build/obj-riscv32-nemu-interpreter/src/device/
gcc -O2 -MMD -Wall -Werror -I/home/cilinmengye/ics2023/nemu/include -I/home/cilinmengye/ics2023/nemu/src/engine/interpreter -I/home/cilinmengye/ics2023/nemu/src/isa/riscv32/include -O2  -Og -ggdb3   -DITRACE_COND=true -D__GUEST_ISA__=riscv32 -c -o /home/cilinmengye/ics2023/nemu/build/obj-riscv32-nemu-interpreter/src/device/intr.o src/device/intr.c
/home/cilinmengye/ics2023/nemu/tools/fixdep/build/fixdep  /home/cilinmengye/ics2023/nemu/build/obj-riscv32-nemu-interpreter/src/device/intr.d  /home/cilinmengye/ics2023/nemu/build/obj-riscv32-nemu-interpreter/src/device/intr.o unused >  /home/cilinmengye/ics2023/nemu/build/obj-riscv32-nemu-interpreter/src/device/intr.d.tmp
mv  /home/cilinmengye/ics2023/nemu/build/obj-riscv32-nemu-interpreter/src/device/intr.d.tmp  /home/cilinmengye/ics2023/nemu/build/obj-riscv32-nemu-interpreter/src/device/intr.d
echo + CC src/device/serial.c
mkdir -p /home/cilinmengye/ics2023/nemu/build/obj-riscv32-nemu-interpreter/src/device/
gcc -O2 -MMD -Wall -Werror -I/home/cilinmengye/ics2023/nemu/include -I/home/cilinmengye/ics2023/nemu/src/engine/interpreter -I/home/cilinmengye/ics2023/nemu/src/isa/riscv32/include -O2  -Og -ggdb3   -DITRACE_COND=true -D__GUEST_ISA__=riscv32 -c -o /home/cilinmengye/ics2023/nemu/build/obj-riscv32-nemu-interpreter/src/device/serial.o src/device/serial.c
/home/cilinmengye/ics2023/nemu/tools/fixdep/build/fixdep  /home/cilinmengye/ics2023/nemu/build/obj-riscv32-nemu-interpreter/src/device/serial.d  /home/cilinmengye/ics2023/nemu/build/obj-riscv32-nemu-interpreter/src/device/serial.o unused >  /home/cilinmengye/ics2023/nemu/build/obj-riscv32-nemu-interpreter/src/device/serial.d.tmp
mv  /home/cilinmengye/ics2023/nemu/build/obj-riscv32-nemu-interpreter/src/device/serial.d.tmp  /home/cilinmengye/ics2023/nemu/build/obj-riscv32-nemu-interpreter/src/device/serial.d
echo + CC src/device/timer.c
mkdir -p /home/cilinmengye/ics2023/nemu/build/obj-riscv32-nemu-interpreter/src/device/
gcc -O2 -MMD -Wall -Werror -I/home/cilinmengye/ics2023/nemu/include -I/home/cilinmengye/ics2023/nemu/src/engine/interpreter -I/home/cilinmengye/ics2023/nemu/src/isa/riscv32/include -O2  -Og -ggdb3   -DITRACE_COND=true -D__GUEST_ISA__=riscv32 -c -o /home/cilinmengye/ics2023/nemu/build/obj-riscv32-nemu-interpreter/src/device/timer.o src/device/timer.c
/home/cilinmengye/ics2023/nemu/tools/fixdep/build/fixdep  /home/cilinmengye/ics2023/nemu/build/obj-riscv32-nemu-interpreter/src/device/timer.d  /home/cilinmengye/ics2023/nemu/build/obj-riscv32-nemu-interpreter/src/device/timer.o unused >  /home/cilinmengye/ics2023/nemu/build/obj-riscv32-nemu-interpreter/src/device/timer.d.tmp
mv  /home/cilinmengye/ics2023/nemu/build/obj-riscv32-nemu-interpreter/src/device/timer.d.tmp  /home/cilinmengye/ics2023/nemu/build/obj-riscv32-nemu-interpreter/src/device/timer.d
echo + CC src/device/keyboard.c
mkdir -p /home/cilinmengye/ics2023/nemu/build/obj-riscv32-nemu-interpreter/src/device/
gcc -O2 -MMD -Wall -Werror -I/home/cilinmengye/ics2023/nemu/include -I/home/cilinmengye/ics2023/nemu/src/engine/interpreter -I/home/cilinmengye/ics2023/nemu/src/isa/riscv32/include -O2  -Og -ggdb3   -DITRACE_COND=true -D__GUEST_ISA__=riscv32 -c -o /home/cilinmengye/ics2023/nemu/build/obj-riscv32-nemu-interpreter/src/device/keyboard.o src/device/keyboard.c
/home/cilinmengye/ics2023/nemu/tools/fixdep/build/fixdep  /home/cilinmengye/ics2023/nemu/build/obj-riscv32-nemu-interpreter/src/device/keyboard.d  /home/cilinmengye/ics2023/nemu/build/obj-riscv32-nemu-interpreter/src/device/keyboard.o unused >  /home/cilinmengye/ics2023/nemu/build/obj-riscv32-nemu-interpreter/src/device/keyboard.d.tmp
mv  /home/cilinmengye/ics2023/nemu/build/obj-riscv32-nemu-interpreter/src/device/keyboard.d.tmp  /home/cilinmengye/ics2023/nemu/build/obj-riscv32-nemu-interpreter/src/device/keyboard.d
echo + CC src/device/vga.c
mkdir -p /home/cilinmengye/ics2023/nemu/build/obj-riscv32-nemu-interpreter/src/device/
gcc -O2 -MMD -Wall -Werror -I/home/cilinmengye/ics2023/nemu/include -I/home/cilinmengye/ics2023/nemu/src/engine/interpreter -I/home/cilinmengye/ics2023/nemu/src/isa/riscv32/include -O2  -Og -ggdb3   -DITRACE_COND=true -D__GUEST_ISA__=riscv32 -c -o /home/cilinmengye/ics2023/nemu/build/obj-riscv32-nemu-interpreter/src/device/vga.o src/device/vga.c
/home/cilinmengye/ics2023/nemu/tools/fixdep/build/fixdep  /home/cilinmengye/ics2023/nemu/build/obj-riscv32-nemu-interpreter/src/device/vga.d  /home/cilinmengye/ics2023/nemu/build/obj-riscv32-nemu-interpreter/src/device/vga.o unused >  /home/cilinmengye/ics2023/nemu/build/obj-riscv32-nemu-interpreter/src/device/vga.d.tmp
mv  /home/cilinmengye/ics2023/nemu/build/obj-riscv32-nemu-interpreter/src/device/vga.d.tmp  /home/cilinmengye/ics2023/nemu/build/obj-riscv32-nemu-interpreter/src/device/vga.d
echo + CC src/device/audio.c
mkdir -p /home/cilinmengye/ics2023/nemu/build/obj-riscv32-nemu-interpreter/src/device/
gcc -O2 -MMD -Wall -Werror -I/home/cilinmengye/ics2023/nemu/include -I/home/cilinmengye/ics2023/nemu/src/engine/interpreter -I/home/cilinmengye/ics2023/nemu/src/isa/riscv32/include -O2  -Og -ggdb3   -DITRACE_COND=true -D__GUEST_ISA__=riscv32 -c -o /home/cilinmengye/ics2023/nemu/build/obj-riscv32-nemu-interpreter/src/device/audio.o src/device/audio.c
/home/cilinmengye/ics2023/nemu/tools/fixdep/build/fixdep  /home/cilinmengye/ics2023/nemu/build/obj-riscv32-nemu-interpreter/src/device/audio.d  /home/cilinmengye/ics2023/nemu/build/obj-riscv32-nemu-interpreter/src/device/audio.o unused >  /home/cilinmengye/ics2023/nemu/build/obj-riscv32-nemu-interpreter/src/device/audio.d.tmp
mv  /home/cilinmengye/ics2023/nemu/build/obj-riscv32-nemu-interpreter/src/device/audio.d.tmp  /home/cilinmengye/ics2023/nemu/build/obj-riscv32-nemu-interpreter/src/device/audio.d
echo + CC src/device/disk.c
mkdir -p /home/cilinmengye/ics2023/nemu/build/obj-riscv32-nemu-interpreter/src/device/
gcc -O2 -MMD -Wall -Werror -I/home/cilinmengye/ics2023/nemu/include -I/home/cilinmengye/ics2023/nemu/src/engine/interpreter -I/home/cilinmengye/ics2023/nemu/src/isa/riscv32/include -O2  -Og -ggdb3   -DITRACE_COND=true -D__GUEST_ISA__=riscv32 -c -o /home/cilinmengye/ics2023/nemu/build/obj-riscv32-nemu-interpreter/src/device/disk.o src/device/disk.c
/home/cilinmengye/ics2023/nemu/tools/fixdep/build/fixdep  /home/cilinmengye/ics2023/nemu/build/obj-riscv32-nemu-interpreter/src/device/disk.d  /home/cilinmengye/ics2023/nemu/build/obj-riscv32-nemu-interpreter/src/device/disk.o unused >  /home/cilinmengye/ics2023/nemu/build/obj-riscv32-nemu-interpreter/src/device/disk.d.tmp
mv  /home/cilinmengye/ics2023/nemu/build/obj-riscv32-nemu-interpreter/src/device/disk.d.tmp  /home/cilinmengye/ics2023/nemu/build/obj-riscv32-nemu-interpreter/src/device/disk.d
echo + CC src/cpu/cpu-exec.c
mkdir -p /home/cilinmengye/ics2023/nemu/build/obj-riscv32-nemu-interpreter/src/cpu/
gcc -O2 -MMD -Wall -Werror -I/home/cilinmengye/ics2023/nemu/include -I/home/cilinmengye/ics2023/nemu/src/engine/interpreter -I/home/cilinmengye/ics2023/nemu/src/isa/riscv32/include -O2  -Og -ggdb3   -DITRACE_COND=true -D__GUEST_ISA__=riscv32 -c -o /home/cilinmengye/ics2023/nemu/build/obj-riscv32-nemu-interpreter/src/cpu/cpu-exec.o src/cpu/cpu-exec.c
/home/cilinmengye/ics2023/nemu/tools/fixdep/build/fixdep  /home/cilinmengye/ics2023/nemu/build/obj-riscv32-nemu-interpreter/src/cpu/cpu-exec.d  /home/cilinmengye/ics2023/nemu/build/obj-riscv32-nemu-interpreter/src/cpu/cpu-exec.o unused >  /home/cilinmengye/ics2023/nemu/build/obj-riscv32-nemu-interpreter/src/cpu/cpu-exec.d.tmp
mv  /home/cilinmengye/ics2023/nemu/build/obj-riscv32-nemu-interpreter/src/cpu/cpu-exec.d.tmp  /home/cilinmengye/ics2023/nemu/build/obj-riscv32-nemu-interpreter/src/cpu/cpu-exec.d
echo + CC src/cpu/difftest/dut.c
mkdir -p /home/cilinmengye/ics2023/nemu/build/obj-riscv32-nemu-interpreter/src/cpu/difftest/
gcc -O2 -MMD -Wall -Werror -I/home/cilinmengye/ics2023/nemu/include -I/home/cilinmengye/ics2023/nemu/src/engine/interpreter -I/home/cilinmengye/ics2023/nemu/src/isa/riscv32/include -O2  -Og -ggdb3   -DITRACE_COND=true -D__GUEST_ISA__=riscv32 -c -o /home/cilinmengye/ics2023/nemu/build/obj-riscv32-nemu-interpreter/src/cpu/difftest/dut.o src/cpu/difftest/dut.c
/home/cilinmengye/ics2023/nemu/tools/fixdep/build/fixdep  /home/cilinmengye/ics2023/nemu/build/obj-riscv32-nemu-interpreter/src/cpu/difftest/dut.d  /home/cilinmengye/ics2023/nemu/build/obj-riscv32-nemu-interpreter/src/cpu/difftest/dut.o unused >  /home/cilinmengye/ics2023/nemu/build/obj-riscv32-nemu-interpreter/src/cpu/difftest/dut.d.tmp
mv  /home/cilinmengye/ics2023/nemu/build/obj-riscv32-nemu-interpreter/src/cpu/difftest/dut.d.tmp  /home/cilinmengye/ics2023/nemu/build/obj-riscv32-nemu-interpreter/src/cpu/difftest/dut.d
echo + CC src/cpu/difftest/ref.c
mkdir -p /home/cilinmengye/ics2023/nemu/build/obj-riscv32-nemu-interpreter/src/cpu/difftest/
gcc -O2 -MMD -Wall -Werror -I/home/cilinmengye/ics2023/nemu/include -I/home/cilinmengye/ics2023/nemu/src/engine/interpreter -I/home/cilinmengye/ics2023/nemu/src/isa/riscv32/include -O2  -Og -ggdb3   -DITRACE_COND=true -D__GUEST_ISA__=riscv32 -c -o /home/cilinmengye/ics2023/nemu/build/obj-riscv32-nemu-interpreter/src/cpu/difftest/ref.o src/cpu/difftest/ref.c
/home/cilinmengye/ics2023/nemu/tools/fixdep/build/fixdep  /home/cilinmengye/ics2023/nemu/build/obj-riscv32-nemu-interpreter/src/cpu/difftest/ref.d  /home/cilinmengye/ics2023/nemu/build/obj-riscv32-nemu-interpreter/src/cpu/difftest/ref.o unused >  /home/cilinmengye/ics2023/nemu/build/obj-riscv32-nemu-interpreter/src/cpu/difftest/ref.d.tmp
mv  /home/cilinmengye/ics2023/nemu/build/obj-riscv32-nemu-interpreter/src/cpu/difftest/ref.d.tmp  /home/cilinmengye/ics2023/nemu/build/obj-riscv32-nemu-interpreter/src/cpu/difftest/ref.d
echo + CC src/monitor/monitor.c
mkdir -p /home/cilinmengye/ics2023/nemu/build/obj-riscv32-nemu-interpreter/src/monitor/
gcc -O2 -MMD -Wall -Werror -I/home/cilinmengye/ics2023/nemu/include -I/home/cilinmengye/ics2023/nemu/src/engine/interpreter -I/home/cilinmengye/ics2023/nemu/src/isa/riscv32/include -O2  -Og -ggdb3   -DITRACE_COND=true -D__GUEST_ISA__=riscv32 -c -o /home/cilinmengye/ics2023/nemu/build/obj-riscv32-nemu-interpreter/src/monitor/monitor.o src/monitor/monitor.c
/home/cilinmengye/ics2023/nemu/tools/fixdep/build/fixdep  /home/cilinmengye/ics2023/nemu/build/obj-riscv32-nemu-interpreter/src/monitor/monitor.d  /home/cilinmengye/ics2023/nemu/build/obj-riscv32-nemu-interpreter/src/monitor/monitor.o unused >  /home/cilinmengye/ics2023/nemu/build/obj-riscv32-nemu-interpreter/src/monitor/monitor.d.tmp
mv  /home/cilinmengye/ics2023/nemu/build/obj-riscv32-nemu-interpreter/src/monitor/monitor.d.tmp  /home/cilinmengye/ics2023/nemu/build/obj-riscv32-nemu-interpreter/src/monitor/monitor.d
echo + CC src/monitor/sdb/watchpoint.c
mkdir -p /home/cilinmengye/ics2023/nemu/build/obj-riscv32-nemu-interpreter/src/monitor/sdb/
gcc -O2 -MMD -Wall -Werror -I/home/cilinmengye/ics2023/nemu/include -I/home/cilinmengye/ics2023/nemu/src/engine/interpreter -I/home/cilinmengye/ics2023/nemu/src/isa/riscv32/include -O2  -Og -ggdb3   -DITRACE_COND=true -D__GUEST_ISA__=riscv32 -c -o /home/cilinmengye/ics2023/nemu/build/obj-riscv32-nemu-interpreter/src/monitor/sdb/watchpoint.o src/monitor/sdb/watchpoint.c
/home/cilinmengye/ics2023/nemu/tools/fixdep/build/fixdep  /home/cilinmengye/ics2023/nemu/build/obj-riscv32-nemu-interpreter/src/monitor/sdb/watchpoint.d  /home/cilinmengye/ics2023/nemu/build/obj-riscv32-nemu-interpreter/src/monitor/sdb/watchpoint.o unused >  /home/cilinmengye/ics2023/nemu/build/obj-riscv32-nemu-interpreter/src/monitor/sdb/watchpoint.d.tmp
mv  /home/cilinmengye/ics2023/nemu/build/obj-riscv32-nemu-interpreter/src/monitor/sdb/watchpoint.d.tmp  /home/cilinmengye/ics2023/nemu/build/obj-riscv32-nemu-interpreter/src/monitor/sdb/watchpoint.d
echo + CC src/monitor/sdb/sdb.c
mkdir -p /home/cilinmengye/ics2023/nemu/build/obj-riscv32-nemu-interpreter/src/monitor/sdb/
gcc -O2 -MMD -Wall -Werror -I/home/cilinmengye/ics2023/nemu/include -I/home/cilinmengye/ics2023/nemu/src/engine/interpreter -I/home/cilinmengye/ics2023/nemu/src/isa/riscv32/include -O2  -Og -ggdb3   -DITRACE_COND=true -D__GUEST_ISA__=riscv32 -c -o /home/cilinmengye/ics2023/nemu/build/obj-riscv32-nemu-interpreter/src/monitor/sdb/sdb.o src/monitor/sdb/sdb.c
/home/cilinmengye/ics2023/nemu/tools/fixdep/build/fixdep  /home/cilinmengye/ics2023/nemu/build/obj-riscv32-nemu-interpreter/src/monitor/sdb/sdb.d  /home/cilinmengye/ics2023/nemu/build/obj-riscv32-nemu-interpreter/src/monitor/sdb/sdb.o unused >  /home/cilinmengye/ics2023/nemu/build/obj-riscv32-nemu-interpreter/src/monitor/sdb/sdb.d.tmp
mv  /home/cilinmengye/ics2023/nemu/build/obj-riscv32-nemu-interpreter/src/monitor/sdb/sdb.d.tmp  /home/cilinmengye/ics2023/nemu/build/obj-riscv32-nemu-interpreter/src/monitor/sdb/sdb.d
echo + CC src/monitor/sdb/expr.c
mkdir -p /home/cilinmengye/ics2023/nemu/build/obj-riscv32-nemu-interpreter/src/monitor/sdb/
gcc -O2 -MMD -Wall -Werror -I/home/cilinmengye/ics2023/nemu/include -I/home/cilinmengye/ics2023/nemu/src/engine/interpreter -I/home/cilinmengye/ics2023/nemu/src/isa/riscv32/include -O2  -Og -ggdb3   -DITRACE_COND=true -D__GUEST_ISA__=riscv32 -c -o /home/cilinmengye/ics2023/nemu/build/obj-riscv32-nemu-interpreter/src/monitor/sdb/expr.o src/monitor/sdb/expr.c
/home/cilinmengye/ics2023/nemu/tools/fixdep/build/fixdep  /home/cilinmengye/ics2023/nemu/build/obj-riscv32-nemu-interpreter/src/monitor/sdb/expr.d  /home/cilinmengye/ics2023/nemu/build/obj-riscv32-nemu-interpreter/src/monitor/sdb/expr.o unused >  /home/cilinmengye/ics2023/nemu/build/obj-riscv32-nemu-interpreter/src/monitor/sdb/expr.d.tmp
mv  /home/cilinmengye/ics2023/nemu/build/obj-riscv32-nemu-interpreter/src/monitor/sdb/expr.d.tmp  /home/cilinmengye/ics2023/nemu/build/obj-riscv32-nemu-interpreter/src/monitor/sdb/expr.d
echo + CC src/utils/log.c
mkdir -p /home/cilinmengye/ics2023/nemu/build/obj-riscv32-nemu-interpreter/src/utils/
gcc -O2 -MMD -Wall -Werror -I/home/cilinmengye/ics2023/nemu/include -I/home/cilinmengye/ics2023/nemu/src/engine/interpreter -I/home/cilinmengye/ics2023/nemu/src/isa/riscv32/include -O2  -Og -ggdb3   -DITRACE_COND=true -D__GUEST_ISA__=riscv32 -c -o /home/cilinmengye/ics2023/nemu/build/obj-riscv32-nemu-interpreter/src/utils/log.o src/utils/log.c
/home/cilinmengye/ics2023/nemu/tools/fixdep/build/fixdep  /home/cilinmengye/ics2023/nemu/build/obj-riscv32-nemu-interpreter/src/utils/log.d  /home/cilinmengye/ics2023/nemu/build/obj-riscv32-nemu-interpreter/src/utils/log.o unused >  /home/cilinmengye/ics2023/nemu/build/obj-riscv32-nemu-interpreter/src/utils/log.d.tmp
mv  /home/cilinmengye/ics2023/nemu/build/obj-riscv32-nemu-interpreter/src/utils/log.d.tmp  /home/cilinmengye/ics2023/nemu/build/obj-riscv32-nemu-interpreter/src/utils/log.d
echo + CC src/utils/state.c
mkdir -p /home/cilinmengye/ics2023/nemu/build/obj-riscv32-nemu-interpreter/src/utils/
gcc -O2 -MMD -Wall -Werror -I/home/cilinmengye/ics2023/nemu/include -I/home/cilinmengye/ics2023/nemu/src/engine/interpreter -I/home/cilinmengye/ics2023/nemu/src/isa/riscv32/include -O2  -Og -ggdb3   -DITRACE_COND=true -D__GUEST_ISA__=riscv32 -c -o /home/cilinmengye/ics2023/nemu/build/obj-riscv32-nemu-interpreter/src/utils/state.o src/utils/state.c
/home/cilinmengye/ics2023/nemu/tools/fixdep/build/fixdep  /home/cilinmengye/ics2023/nemu/build/obj-riscv32-nemu-interpreter/src/utils/state.d  /home/cilinmengye/ics2023/nemu/build/obj-riscv32-nemu-interpreter/src/utils/state.o unused >  /home/cilinmengye/ics2023/nemu/build/obj-riscv32-nemu-interpreter/src/utils/state.d.tmp
mv  /home/cilinmengye/ics2023/nemu/build/obj-riscv32-nemu-interpreter/src/utils/state.d.tmp  /home/cilinmengye/ics2023/nemu/build/obj-riscv32-nemu-interpreter/src/utils/state.d
echo + CC src/utils/trace.c
mkdir -p /home/cilinmengye/ics2023/nemu/build/obj-riscv32-nemu-interpreter/src/utils/
gcc -O2 -MMD -Wall -Werror -I/home/cilinmengye/ics2023/nemu/include -I/home/cilinmengye/ics2023/nemu/src/engine/interpreter -I/home/cilinmengye/ics2023/nemu/src/isa/riscv32/include -O2  -Og -ggdb3   -DITRACE_COND=true -D__GUEST_ISA__=riscv32 -c -o /home/cilinmengye/ics2023/nemu/build/obj-riscv32-nemu-interpreter/src/utils/trace.o src/utils/trace.c
/home/cilinmengye/ics2023/nemu/tools/fixdep/build/fixdep  /home/cilinmengye/ics2023/nemu/build/obj-riscv32-nemu-interpreter/src/utils/trace.d  /home/cilinmengye/ics2023/nemu/build/obj-riscv32-nemu-interpreter/src/utils/trace.o unused >  /home/cilinmengye/ics2023/nemu/build/obj-riscv32-nemu-interpreter/src/utils/trace.d.tmp
mv  /home/cilinmengye/ics2023/nemu/build/obj-riscv32-nemu-interpreter/src/utils/trace.d.tmp  /home/cilinmengye/ics2023/nemu/build/obj-riscv32-nemu-interpreter/src/utils/trace.d
echo + CC src/utils/timer.c
mkdir -p /home/cilinmengye/ics2023/nemu/build/obj-riscv32-nemu-interpreter/src/utils/
gcc -O2 -MMD -Wall -Werror -I/home/cilinmengye/ics2023/nemu/include -I/home/cilinmengye/ics2023/nemu/src/engine/interpreter -I/home/cilinmengye/ics2023/nemu/src/isa/riscv32/include -O2  -Og -ggdb3   -DITRACE_COND=true -D__GUEST_ISA__=riscv32 -c -o /home/cilinmengye/ics2023/nemu/build/obj-riscv32-nemu-interpreter/src/utils/timer.o src/utils/timer.c
/home/cilinmengye/ics2023/nemu/tools/fixdep/build/fixdep  /home/cilinmengye/ics2023/nemu/build/obj-riscv32-nemu-interpreter/src/utils/timer.d  /home/cilinmengye/ics2023/nemu/build/obj-riscv32-nemu-interpreter/src/utils/timer.o unused >  /home/cilinmengye/ics2023/nemu/build/obj-riscv32-nemu-interpreter/src/utils/timer.d.tmp
mv  /home/cilinmengye/ics2023/nemu/build/obj-riscv32-nemu-interpreter/src/utils/timer.d.tmp  /home/cilinmengye/ics2023/nemu/build/obj-riscv32-nemu-interpreter/src/utils/timer.d
echo + CC src/memory/paddr.c
mkdir -p /home/cilinmengye/ics2023/nemu/build/obj-riscv32-nemu-interpreter/src/memory/
gcc -O2 -MMD -Wall -Werror -I/home/cilinmengye/ics2023/nemu/include -I/home/cilinmengye/ics2023/nemu/src/engine/interpreter -I/home/cilinmengye/ics2023/nemu/src/isa/riscv32/include -O2  -Og -ggdb3   -DITRACE_COND=true -D__GUEST_ISA__=riscv32 -c -o /home/cilinmengye/ics2023/nemu/build/obj-riscv32-nemu-interpreter/src/memory/paddr.o src/memory/paddr.c
/home/cilinmengye/ics2023/nemu/tools/fixdep/build/fixdep  /home/cilinmengye/ics2023/nemu/build/obj-riscv32-nemu-interpreter/src/memory/paddr.d  /home/cilinmengye/ics2023/nemu/build/obj-riscv32-nemu-interpreter/src/memory/paddr.o unused >  /home/cilinmengye/ics2023/nemu/build/obj-riscv32-nemu-interpreter/src/memory/paddr.d.tmp
mv  /home/cilinmengye/ics2023/nemu/build/obj-riscv32-nemu-interpreter/src/memory/paddr.d.tmp  /home/cilinmengye/ics2023/nemu/build/obj-riscv32-nemu-interpreter/src/memory/paddr.d
echo + CC src/memory/vaddr.c
mkdir -p /home/cilinmengye/ics2023/nemu/build/obj-riscv32-nemu-interpreter/src/memory/
gcc -O2 -MMD -Wall -Werror -I/home/cilinmengye/ics2023/nemu/include -I/home/cilinmengye/ics2023/nemu/src/engine/interpreter -I/home/cilinmengye/ics2023/nemu/src/isa/riscv32/include -O2  -Og -ggdb3   -DITRACE_COND=true -D__GUEST_ISA__=riscv32 -c -o /home/cilinmengye/ics2023/nemu/build/obj-riscv32-nemu-interpreter/src/memory/vaddr.o src/memory/vaddr.c
/home/cilinmengye/ics2023/nemu/tools/fixdep/build/fixdep  /home/cilinmengye/ics2023/nemu/build/obj-riscv32-nemu-interpreter/src/memory/vaddr.d  /home/cilinmengye/ics2023/nemu/build/obj-riscv32-nemu-interpreter/src/memory/vaddr.o unused >  /home/cilinmengye/ics2023/nemu/build/obj-riscv32-nemu-interpreter/src/memory/vaddr.d.tmp
mv  /home/cilinmengye/ics2023/nemu/build/obj-riscv32-nemu-interpreter/src/memory/vaddr.d.tmp  /home/cilinmengye/ics2023/nemu/build/obj-riscv32-nemu-interpreter/src/memory/vaddr.d
echo + CC src/engine/interpreter/hostcall.c
mkdir -p /home/cilinmengye/ics2023/nemu/build/obj-riscv32-nemu-interpreter/src/engine/interpreter/
gcc -O2 -MMD -Wall -Werror -I/home/cilinmengye/ics2023/nemu/include -I/home/cilinmengye/ics2023/nemu/src/engine/interpreter -I/home/cilinmengye/ics2023/nemu/src/isa/riscv32/include -O2  -Og -ggdb3   -DITRACE_COND=true -D__GUEST_ISA__=riscv32 -c -o /home/cilinmengye/ics2023/nemu/build/obj-riscv32-nemu-interpreter/src/engine/interpreter/hostcall.o src/engine/interpreter/hostcall.c
/home/cilinmengye/ics2023/nemu/tools/fixdep/build/fixdep  /home/cilinmengye/ics2023/nemu/build/obj-riscv32-nemu-interpreter/src/engine/interpreter/hostcall.d  /home/cilinmengye/ics2023/nemu/build/obj-riscv32-nemu-interpreter/src/engine/interpreter/hostcall.o unused >  /home/cilinmengye/ics2023/nemu/build/obj-riscv32-nemu-interpreter/src/engine/interpreter/hostcall.d.tmp
mv  /home/cilinmengye/ics2023/nemu/build/obj-riscv32-nemu-interpreter/src/engine/interpreter/hostcall.d.tmp  /home/cilinmengye/ics2023/nemu/build/obj-riscv32-nemu-interpreter/src/engine/interpreter/hostcall.d
echo + CC src/engine/interpreter/init.c
mkdir -p /home/cilinmengye/ics2023/nemu/build/obj-riscv32-nemu-interpreter/src/engine/interpreter/
gcc -O2 -MMD -Wall -Werror -I/home/cilinmengye/ics2023/nemu/include -I/home/cilinmengye/ics2023/nemu/src/engine/interpreter -I/home/cilinmengye/ics2023/nemu/src/isa/riscv32/include -O2  -Og -ggdb3   -DITRACE_COND=true -D__GUEST_ISA__=riscv32 -c -o /home/cilinmengye/ics2023/nemu/build/obj-riscv32-nemu-interpreter/src/engine/interpreter/init.o src/engine/interpreter/init.c
/home/cilinmengye/ics2023/nemu/tools/fixdep/build/fixdep  /home/cilinmengye/ics2023/nemu/build/obj-riscv32-nemu-interpreter/src/engine/interpreter/init.d  /home/cilinmengye/ics2023/nemu/build/obj-riscv32-nemu-interpreter/src/engine/interpreter/init.o unused >  /home/cilinmengye/ics2023/nemu/build/obj-riscv32-nemu-interpreter/src/engine/interpreter/init.d.tmp
mv  /home/cilinmengye/ics2023/nemu/build/obj-riscv32-nemu-interpreter/src/engine/interpreter/init.d.tmp  /home/cilinmengye/ics2023/nemu/build/obj-riscv32-nemu-interpreter/src/engine/interpreter/init.d
echo + CC src/isa/riscv32/system/intr.c
mkdir -p /home/cilinmengye/ics2023/nemu/build/obj-riscv32-nemu-interpreter/src/isa/riscv32/system/
gcc -O2 -MMD -Wall -Werror -I/home/cilinmengye/ics2023/nemu/include -I/home/cilinmengye/ics2023/nemu/src/engine/interpreter -I/home/cilinmengye/ics2023/nemu/src/isa/riscv32/include -O2  -Og -ggdb3   -DITRACE_COND=true -D__GUEST_ISA__=riscv32 -c -o /home/cilinmengye/ics2023/nemu/build/obj-riscv32-nemu-interpreter/src/isa/riscv32/system/intr.o src/isa/riscv32/system/intr.c
/home/cilinmengye/ics2023/nemu/tools/fixdep/build/fixdep  /home/cilinmengye/ics2023/nemu/build/obj-riscv32-nemu-interpreter/src/isa/riscv32/system/intr.d  /home/cilinmengye/ics2023/nemu/build/obj-riscv32-nemu-interpreter/src/isa/riscv32/system/intr.o unused >  /home/cilinmengye/ics2023/nemu/build/obj-riscv32-nemu-interpreter/src/isa/riscv32/system/intr.d.tmp
mv  /home/cilinmengye/ics2023/nemu/build/obj-riscv32-nemu-interpreter/src/isa/riscv32/system/intr.d.tmp  /home/cilinmengye/ics2023/nemu/build/obj-riscv32-nemu-interpreter/src/isa/riscv32/system/intr.d
echo + CC src/isa/riscv32/system/mmu.c
mkdir -p /home/cilinmengye/ics2023/nemu/build/obj-riscv32-nemu-interpreter/src/isa/riscv32/system/
gcc -O2 -MMD -Wall -Werror -I/home/cilinmengye/ics2023/nemu/include -I/home/cilinmengye/ics2023/nemu/src/engine/interpreter -I/home/cilinmengye/ics2023/nemu/src/isa/riscv32/include -O2  -Og -ggdb3   -DITRACE_COND=true -D__GUEST_ISA__=riscv32 -c -o /home/cilinmengye/ics2023/nemu/build/obj-riscv32-nemu-interpreter/src/isa/riscv32/system/mmu.o src/isa/riscv32/system/mmu.c
/home/cilinmengye/ics2023/nemu/tools/fixdep/build/fixdep  /home/cilinmengye/ics2023/nemu/build/obj-riscv32-nemu-interpreter/src/isa/riscv32/system/mmu.d  /home/cilinmengye/ics2023/nemu/build/obj-riscv32-nemu-interpreter/src/isa/riscv32/system/mmu.o unused >  /home/cilinmengye/ics2023/nemu/build/obj-riscv32-nemu-interpreter/src/isa/riscv32/system/mmu.d.tmp
mv  /home/cilinmengye/ics2023/nemu/build/obj-riscv32-nemu-interpreter/src/isa/riscv32/system/mmu.d.tmp  /home/cilinmengye/ics2023/nemu/build/obj-riscv32-nemu-interpreter/src/isa/riscv32/system/mmu.d
echo + CC src/isa/riscv32/inst.c
mkdir -p /home/cilinmengye/ics2023/nemu/build/obj-riscv32-nemu-interpreter/src/isa/riscv32/
gcc -O2 -MMD -Wall -Werror -I/home/cilinmengye/ics2023/nemu/include -I/home/cilinmengye/ics2023/nemu/src/engine/interpreter -I/home/cilinmengye/ics2023/nemu/src/isa/riscv32/include -O2  -Og -ggdb3   -DITRACE_COND=true -D__GUEST_ISA__=riscv32 -c -o /home/cilinmengye/ics2023/nemu/build/obj-riscv32-nemu-interpreter/src/isa/riscv32/inst.o src/isa/riscv32/inst.c
/home/cilinmengye/ics2023/nemu/tools/fixdep/build/fixdep  /home/cilinmengye/ics2023/nemu/build/obj-riscv32-nemu-interpreter/src/isa/riscv32/inst.d  /home/cilinmengye/ics2023/nemu/build/obj-riscv32-nemu-interpreter/src/isa/riscv32/inst.o unused >  /home/cilinmengye/ics2023/nemu/build/obj-riscv32-nemu-interpreter/src/isa/riscv32/inst.d.tmp
mv  /home/cilinmengye/ics2023/nemu/build/obj-riscv32-nemu-interpreter/src/isa/riscv32/inst.d.tmp  /home/cilinmengye/ics2023/nemu/build/obj-riscv32-nemu-interpreter/src/isa/riscv32/inst.d
echo + CC src/isa/riscv32/logo.c
mkdir -p /home/cilinmengye/ics2023/nemu/build/obj-riscv32-nemu-interpreter/src/isa/riscv32/
gcc -O2 -MMD -Wall -Werror -I/home/cilinmengye/ics2023/nemu/include -I/home/cilinmengye/ics2023/nemu/src/engine/interpreter -I/home/cilinmengye/ics2023/nemu/src/isa/riscv32/include -O2  -Og -ggdb3   -DITRACE_COND=true -D__GUEST_ISA__=riscv32 -c -o /home/cilinmengye/ics2023/nemu/build/obj-riscv32-nemu-interpreter/src/isa/riscv32/logo.o src/isa/riscv32/logo.c
/home/cilinmengye/ics2023/nemu/tools/fixdep/build/fixdep  /home/cilinmengye/ics2023/nemu/build/obj-riscv32-nemu-interpreter/src/isa/riscv32/logo.d  /home/cilinmengye/ics2023/nemu/build/obj-riscv32-nemu-interpreter/src/isa/riscv32/logo.o unused >  /home/cilinmengye/ics2023/nemu/build/obj-riscv32-nemu-interpreter/src/isa/riscv32/logo.d.tmp
mv  /home/cilinmengye/ics2023/nemu/build/obj-riscv32-nemu-interpreter/src/isa/riscv32/logo.d.tmp  /home/cilinmengye/ics2023/nemu/build/obj-riscv32-nemu-interpreter/src/isa/riscv32/logo.d
echo + CC src/isa/riscv32/difftest/dut.c
mkdir -p /home/cilinmengye/ics2023/nemu/build/obj-riscv32-nemu-interpreter/src/isa/riscv32/difftest/
gcc -O2 -MMD -Wall -Werror -I/home/cilinmengye/ics2023/nemu/include -I/home/cilinmengye/ics2023/nemu/src/engine/interpreter -I/home/cilinmengye/ics2023/nemu/src/isa/riscv32/include -O2  -Og -ggdb3   -DITRACE_COND=true -D__GUEST_ISA__=riscv32 -c -o /home/cilinmengye/ics2023/nemu/build/obj-riscv32-nemu-interpreter/src/isa/riscv32/difftest/dut.o src/isa/riscv32/difftest/dut.c
/home/cilinmengye/ics2023/nemu/tools/fixdep/build/fixdep  /home/cilinmengye/ics2023/nemu/build/obj-riscv32-nemu-interpreter/src/isa/riscv32/difftest/dut.d  /home/cilinmengye/ics2023/nemu/build/obj-riscv32-nemu-interpreter/src/isa/riscv32/difftest/dut.o unused >  /home/cilinmengye/ics2023/nemu/build/obj-riscv32-nemu-interpreter/src/isa/riscv32/difftest/dut.d.tmp
mv  /home/cilinmengye/ics2023/nemu/build/obj-riscv32-nemu-interpreter/src/isa/riscv32/difftest/dut.d.tmp  /home/cilinmengye/ics2023/nemu/build/obj-riscv32-nemu-interpreter/src/isa/riscv32/difftest/dut.d
echo + CC src/isa/riscv32/reg.c
mkdir -p /home/cilinmengye/ics2023/nemu/build/obj-riscv32-nemu-interpreter/src/isa/riscv32/
gcc -O2 -MMD -Wall -Werror -I/home/cilinmengye/ics2023/nemu/include -I/home/cilinmengye/ics2023/nemu/src/engine/interpreter -I/home/cilinmengye/ics2023/nemu/src/isa/riscv32/include -O2  -Og -ggdb3   -DITRACE_COND=true -D__GUEST_ISA__=riscv32 -c -o /home/cilinmengye/ics2023/nemu/build/obj-riscv32-nemu-interpreter/src/isa/riscv32/reg.o src/isa/riscv32/reg.c
/home/cilinmengye/ics2023/nemu/tools/fixdep/build/fixdep  /home/cilinmengye/ics2023/nemu/build/obj-riscv32-nemu-interpreter/src/isa/riscv32/reg.d  /home/cilinmengye/ics2023/nemu/build/obj-riscv32-nemu-interpreter/src/isa/riscv32/reg.o unused >  /home/cilinmengye/ics2023/nemu/build/obj-riscv32-nemu-interpreter/src/isa/riscv32/reg.d.tmp
mv  /home/cilinmengye/ics2023/nemu/build/obj-riscv32-nemu-interpreter/src/isa/riscv32/reg.d.tmp  /home/cilinmengye/ics2023/nemu/build/obj-riscv32-nemu-interpreter/src/isa/riscv32/reg.d
echo + CC src/isa/riscv32/init.c
mkdir -p /home/cilinmengye/ics2023/nemu/build/obj-riscv32-nemu-interpreter/src/isa/riscv32/
gcc -O2 -MMD -Wall -Werror -I/home/cilinmengye/ics2023/nemu/include -I/home/cilinmengye/ics2023/nemu/src/engine/interpreter -I/home/cilinmengye/ics2023/nemu/src/isa/riscv32/include -O2  -Og -ggdb3   -DITRACE_COND=true -D__GUEST_ISA__=riscv32 -c -o /home/cilinmengye/ics2023/nemu/build/obj-riscv32-nemu-interpreter/src/isa/riscv32/init.o src/isa/riscv32/init.c
/home/cilinmengye/ics2023/nemu/tools/fixdep/build/fixdep  /home/cilinmengye/ics2023/nemu/build/obj-riscv32-nemu-interpreter/src/isa/riscv32/init.d  /home/cilinmengye/ics2023/nemu/build/obj-riscv32-nemu-interpreter/src/isa/riscv32/init.o unused >  /home/cilinmengye/ics2023/nemu/build/obj-riscv32-nemu-interpreter/src/isa/riscv32/init.d.tmp
mv  /home/cilinmengye/ics2023/nemu/build/obj-riscv32-nemu-interpreter/src/isa/riscv32/init.d.tmp  /home/cilinmengye/ics2023/nemu/build/obj-riscv32-nemu-interpreter/src/isa/riscv32/init.d
echo + CC src/device/io/mmio.c
mkdir -p /home/cilinmengye/ics2023/nemu/build/obj-riscv32-nemu-interpreter/src/device/io/
gcc -O2 -MMD -Wall -Werror -I/home/cilinmengye/ics2023/nemu/include -I/home/cilinmengye/ics2023/nemu/src/engine/interpreter -I/home/cilinmengye/ics2023/nemu/src/isa/riscv32/include -O2  -Og -ggdb3   -DITRACE_COND=true -D__GUEST_ISA__=riscv32 -c -o /home/cilinmengye/ics2023/nemu/build/obj-riscv32-nemu-interpreter/src/device/io/mmio.o src/device/io/mmio.c
/home/cilinmengye/ics2023/nemu/tools/fixdep/build/fixdep  /home/cilinmengye/ics2023/nemu/build/obj-riscv32-nemu-interpreter/src/device/io/mmio.d  /home/cilinmengye/ics2023/nemu/build/obj-riscv32-nemu-interpreter/src/device/io/mmio.o unused >  /home/cilinmengye/ics2023/nemu/build/obj-riscv32-nemu-interpreter/src/device/io/mmio.d.tmp
mv  /home/cilinmengye/ics2023/nemu/build/obj-riscv32-nemu-interpreter/src/device/io/mmio.d.tmp  /home/cilinmengye/ics2023/nemu/build/obj-riscv32-nemu-interpreter/src/device/io/mmio.d
echo + CC src/device/io/map.c
mkdir -p /home/cilinmengye/ics2023/nemu/build/obj-riscv32-nemu-interpreter/src/device/io/
gcc -O2 -MMD -Wall -Werror -I/home/cilinmengye/ics2023/nemu/include -I/home/cilinmengye/ics2023/nemu/src/engine/interpreter -I/home/cilinmengye/ics2023/nemu/src/isa/riscv32/include -O2  -Og -ggdb3   -DITRACE_COND=true -D__GUEST_ISA__=riscv32 -c -o /home/cilinmengye/ics2023/nemu/build/obj-riscv32-nemu-interpreter/src/device/io/map.o src/device/io/map.c
/home/cilinmengye/ics2023/nemu/tools/fixdep/build/fixdep  /home/cilinmengye/ics2023/nemu/build/obj-riscv32-nemu-interpreter/src/device/io/map.d  /home/cilinmengye/ics2023/nemu/build/obj-riscv32-nemu-interpreter/src/device/io/map.o unused >  /home/cilinmengye/ics2023/nemu/build/obj-riscv32-nemu-interpreter/src/device/io/map.d.tmp
mv  /home/cilinmengye/ics2023/nemu/build/obj-riscv32-nemu-interpreter/src/device/io/map.d.tmp  /home/cilinmengye/ics2023/nemu/build/obj-riscv32-nemu-interpreter/src/device/io/map.d
echo + CC src/device/io/port-io.c
mkdir -p /home/cilinmengye/ics2023/nemu/build/obj-riscv32-nemu-interpreter/src/device/io/
gcc -O2 -MMD -Wall -Werror -I/home/cilinmengye/ics2023/nemu/include -I/home/cilinmengye/ics2023/nemu/src/engine/interpreter -I/home/cilinmengye/ics2023/nemu/src/isa/riscv32/include -O2  -Og -ggdb3   -DITRACE_COND=true -D__GUEST_ISA__=riscv32 -c -o /home/cilinmengye/ics2023/nemu/build/obj-riscv32-nemu-interpreter/src/device/io/port-io.o src/device/io/port-io.c
/home/cilinmengye/ics2023/nemu/tools/fixdep/build/fixdep  /home/cilinmengye/ics2023/nemu/build/obj-riscv32-nemu-interpreter/src/device/io/port-io.d  /home/cilinmengye/ics2023/nemu/build/obj-riscv32-nemu-interpreter/src/device/io/port-io.o unused >  /home/cilinmengye/ics2023/nemu/build/obj-riscv32-nemu-interpreter/src/device/io/port-io.d.tmp
mv  /home/cilinmengye/ics2023/nemu/build/obj-riscv32-nemu-interpreter/src/device/io/port-io.d.tmp  /home/cilinmengye/ics2023/nemu/build/obj-riscv32-nemu-interpreter/src/device/io/port-io.d
echo + LD /home/cilinmengye/ics2023/nemu/build/riscv32-nemu-interpreter
g++ -o /home/cilinmengye/ics2023/nemu/build/riscv32-nemu-interpreter /home/cilinmengye/ics2023/nemu/build/obj-riscv32-nemu-interpreter/src/nemu-main.o /home/cilinmengye/ics2023/nemu/build/obj-riscv32-nemu-interpreter/src/device/device.o /home/cilinmengye/ics2023/nemu/build/obj-riscv32-nemu-interpreter/src/device/alarm.o /home/cilinmengye/ics2023/nemu/build/obj-riscv32-nemu-interpreter/src/device/intr.o /home/cilinmengye/ics2023/nemu/build/obj-riscv32-nemu-interpreter/src/device/serial.o /home/cilinmengye/ics2023/nemu/build/obj-riscv32-nemu-interpreter/src/device/timer.o /home/cilinmengye/ics2023/nemu/build/obj-riscv32-nemu-interpreter/src/device/keyboard.o /home/cilinmengye/ics2023/nemu/build/obj-riscv32-nemu-interpreter/src/device/vga.o /home/cilinmengye/ics2023/nemu/build/obj-riscv32-nemu-interpreter/src/device/audio.o /home/cilinmengye/ics2023/nemu/build/obj-riscv32-nemu-interpreter/src/device/disk.o /home/cilinmengye/ics2023/nemu/build/obj-riscv32-nemu-interpreter/src/cpu/cpu-exec.o /home/cilinmengye/ics2023/nemu/build/obj-riscv32-nemu-interpreter/src/cpu/difftest/dut.o /home/cilinmengye/ics2023/nemu/build/obj-riscv32-nemu-interpreter/src/cpu/difftest/ref.o /home/cilinmengye/ics2023/nemu/build/obj-riscv32-nemu-interpreter/src/monitor/monitor.o /home/cilinmengye/ics2023/nemu/build/obj-riscv32-nemu-interpreter/src/monitor/sdb/watchpoint.o /home/cilinmengye/ics2023/nemu/build/obj-riscv32-nemu-interpreter/src/monitor/sdb/sdb.o /home/cilinmengye/ics2023/nemu/build/obj-riscv32-nemu-interpreter/src/monitor/sdb/expr.o /home/cilinmengye/ics2023/nemu/build/obj-riscv32-nemu-interpreter/src/utils/log.o /home/cilinmengye/ics2023/nemu/build/obj-riscv32-nemu-interpreter/src/utils/state.o /home/cilinmengye/ics2023/nemu/build/obj-riscv32-nemu-interpreter/src/utils/trace.o /home/cilinmengye/ics2023/nemu/build/obj-riscv32-nemu-interpreter/src/utils/timer.o /home/cilinmengye/ics2023/nemu/build/obj-riscv32-nemu-interpreter/src/memory/paddr.o /home/cilinmengye/ics2023/nemu/build/obj-riscv32-nemu-interpreter/src/memory/vaddr.o /home/cilinmengye/ics2023/nemu/build/obj-riscv32-nemu-interpreter/src/engine/interpreter/hostcall.o /home/cilinmengye/ics2023/nemu/build/obj-riscv32-nemu-interpreter/src/engine/interpreter/init.o /home/cilinmengye/ics2023/nemu/build/obj-riscv32-nemu-interpreter/src/isa/riscv32/system/intr.o /home/cilinmengye/ics2023/nemu/build/obj-riscv32-nemu-interpreter/src/isa/riscv32/system/mmu.o /home/cilinmengye/ics2023/nemu/build/obj-riscv32-nemu-interpreter/src/isa/riscv32/inst.o /home/cilinmengye/ics2023/nemu/build/obj-riscv32-nemu-interpreter/src/isa/riscv32/logo.o /home/cilinmengye/ics2023/nemu/build/obj-riscv32-nemu-interpreter/src/isa/riscv32/difftest/dut.o /home/cilinmengye/ics2023/nemu/build/obj-riscv32-nemu-interpreter/src/isa/riscv32/reg.o /home/cilinmengye/ics2023/nemu/build/obj-riscv32-nemu-interpreter/src/isa/riscv32/init.o /home/cilinmengye/ics2023/nemu/build/obj-riscv32-nemu-interpreter/src/device/io/mmio.o /home/cilinmengye/ics2023/nemu/build/obj-riscv32-nemu-interpreter/src/device/io/map.o /home/cilinmengye/ics2023/nemu/build/obj-riscv32-nemu-interpreter/src/device/io/port-io.o  -O2 -O2  -Og -ggdb3    -lreadline -ldl -pie -lSDL2
git add /home/cilinmengye/ics2023/nemu/.. -A --ignore-errors
while (test -e .git/index.lock); do sleep 0.1; done
(echo ">  "compile NEMU"" && echo 834430027lin@gmail.com 次林梦叶 && uname -a && uptime) | git commit -F - -q --author='tracer-ics2023 <tracer@njuics.org>' --no-verify --allow-empty
sync
git add /home/cilinmengye/ics2023/nemu/.. -A --ignore-errors
while (test -e .git/index.lock); do sleep 0.1; done
(echo ">  "run NEMU"" && echo 834430027lin@gmail.com 次林梦叶 && uname -a && uptime) | git commit -F - -q --author='tracer-ics2023 <tracer@njuics.org>' --no-verify --allow-empty
sync
/home/cilinmengye/ics2023/nemu/build/riscv32-nemu-interpreter -l /home/cilinmengye/ics2023/nanos-lite/build/nemu-log.txt -b -e /home/cilinmengye/ics2023/nanos-lite/build/nanos-lite-riscv32-nemu.elf  /home/cilinmengye/ics2023/nanos-lite/build/nanos-lite-riscv32-nemu.bin
make[1]: Leaving directory '/home/cilinmengye/ics2023/nemu'
