# Building nanos-lite-run [native]
mkdir -p /home/cilinmengye/ics2023/nanos-lite/build/native/./src/ && echo + CC src/main.c
gcc -std=gnu11 -O2 -MMD -Wall -Werror -I/home/cilinmengye/ics2023/nanos-lite/include -I/home/cilinmengye/ics2023/abstract-machine/am/include/ -I/home/cilinmengye/ics2023/abstract-machine/klib/include/ -D__ISA__=\"am_native\" -D__ISA_AM_NATIVE__ -D__ARCH__=native -D__ARCH_NATIVE -D__PLATFORM__= -D__PLATFORM_ -DARCH_H=\"arch/native.h\" -fno-asynchronous-unwind-tables -fno-builtin -fno-stack-protector -Wno-main -U_FORTIFY_SOURCE -fvisibility=hidden -fpie -c -o /home/cilinmengye/ics2023/nanos-lite/build/native/./src/main.o /home/cilinmengye/ics2023/nanos-lite/src/main.c
mkdir -p /home/cilinmengye/ics2023/nanos-lite/build/native/./src/ && echo + CC src/loader.c
gcc -std=gnu11 -O2 -MMD -Wall -Werror -I/home/cilinmengye/ics2023/nanos-lite/include -I/home/cilinmengye/ics2023/abstract-machine/am/include/ -I/home/cilinmengye/ics2023/abstract-machine/klib/include/ -D__ISA__=\"am_native\" -D__ISA_AM_NATIVE__ -D__ARCH__=native -D__ARCH_NATIVE -D__PLATFORM__= -D__PLATFORM_ -DARCH_H=\"arch/native.h\" -fno-asynchronous-unwind-tables -fno-builtin -fno-stack-protector -Wno-main -U_FORTIFY_SOURCE -fvisibility=hidden -fpie -c -o /home/cilinmengye/ics2023/nanos-lite/build/native/./src/loader.o /home/cilinmengye/ics2023/nanos-lite/src/loader.c
mkdir -p /home/cilinmengye/ics2023/nanos-lite/build/native/./src/ && echo + CC src/device.c
gcc -std=gnu11 -O2 -MMD -Wall -Werror -I/home/cilinmengye/ics2023/nanos-lite/include -I/home/cilinmengye/ics2023/abstract-machine/am/include/ -I/home/cilinmengye/ics2023/abstract-machine/klib/include/ -D__ISA__=\"am_native\" -D__ISA_AM_NATIVE__ -D__ARCH__=native -D__ARCH_NATIVE -D__PLATFORM__= -D__PLATFORM_ -DARCH_H=\"arch/native.h\" -fno-asynchronous-unwind-tables -fno-builtin -fno-stack-protector -Wno-main -U_FORTIFY_SOURCE -fvisibility=hidden -fpie -c -o /home/cilinmengye/ics2023/nanos-lite/build/native/./src/device.o /home/cilinmengye/ics2023/nanos-lite/src/device.c
mkdir -p /home/cilinmengye/ics2023/nanos-lite/build/native/./src/ && echo + CC src/ramdisk.c
gcc -std=gnu11 -O2 -MMD -Wall -Werror -I/home/cilinmengye/ics2023/nanos-lite/include -I/home/cilinmengye/ics2023/abstract-machine/am/include/ -I/home/cilinmengye/ics2023/abstract-machine/klib/include/ -D__ISA__=\"am_native\" -D__ISA_AM_NATIVE__ -D__ARCH__=native -D__ARCH_NATIVE -D__PLATFORM__= -D__PLATFORM_ -DARCH_H=\"arch/native.h\" -fno-asynchronous-unwind-tables -fno-builtin -fno-stack-protector -Wno-main -U_FORTIFY_SOURCE -fvisibility=hidden -fpie -c -o /home/cilinmengye/ics2023/nanos-lite/build/native/./src/ramdisk.o /home/cilinmengye/ics2023/nanos-lite/src/ramdisk.c
mkdir -p /home/cilinmengye/ics2023/nanos-lite/build/native/./src/ && echo + CC src/syscall.c
gcc -std=gnu11 -O2 -MMD -Wall -Werror -I/home/cilinmengye/ics2023/nanos-lite/include -I/home/cilinmengye/ics2023/abstract-machine/am/include/ -I/home/cilinmengye/ics2023/abstract-machine/klib/include/ -D__ISA__=\"am_native\" -D__ISA_AM_NATIVE__ -D__ARCH__=native -D__ARCH_NATIVE -D__PLATFORM__= -D__PLATFORM_ -DARCH_H=\"arch/native.h\" -fno-asynchronous-unwind-tables -fno-builtin -fno-stack-protector -Wno-main -U_FORTIFY_SOURCE -fvisibility=hidden -fpie -c -o /home/cilinmengye/ics2023/nanos-lite/build/native/./src/syscall.o /home/cilinmengye/ics2023/nanos-lite/src/syscall.c
mkdir -p /home/cilinmengye/ics2023/nanos-lite/build/native/./src/ && echo + CC src/fs.c
gcc -std=gnu11 -O2 -MMD -Wall -Werror -I/home/cilinmengye/ics2023/nanos-lite/include -I/home/cilinmengye/ics2023/abstract-machine/am/include/ -I/home/cilinmengye/ics2023/abstract-machine/klib/include/ -D__ISA__=\"am_native\" -D__ISA_AM_NATIVE__ -D__ARCH__=native -D__ARCH_NATIVE -D__PLATFORM__= -D__PLATFORM_ -DARCH_H=\"arch/native.h\" -fno-asynchronous-unwind-tables -fno-builtin -fno-stack-protector -Wno-main -U_FORTIFY_SOURCE -fvisibility=hidden -fpie -c -o /home/cilinmengye/ics2023/nanos-lite/build/native/./src/fs.o /home/cilinmengye/ics2023/nanos-lite/src/fs.c
mkdir -p /home/cilinmengye/ics2023/nanos-lite/build/native/./src/ && echo + CC src/proc.c
gcc -std=gnu11 -O2 -MMD -Wall -Werror -I/home/cilinmengye/ics2023/nanos-lite/include -I/home/cilinmengye/ics2023/abstract-machine/am/include/ -I/home/cilinmengye/ics2023/abstract-machine/klib/include/ -D__ISA__=\"am_native\" -D__ISA_AM_NATIVE__ -D__ARCH__=native -D__ARCH_NATIVE -D__PLATFORM__= -D__PLATFORM_ -DARCH_H=\"arch/native.h\" -fno-asynchronous-unwind-tables -fno-builtin -fno-stack-protector -Wno-main -U_FORTIFY_SOURCE -fvisibility=hidden -fpie -c -o /home/cilinmengye/ics2023/nanos-lite/build/native/./src/proc.o /home/cilinmengye/ics2023/nanos-lite/src/proc.c
mkdir -p /home/cilinmengye/ics2023/nanos-lite/build/native/./src/ && echo + CC src/irq.c
gcc -std=gnu11 -O2 -MMD -Wall -Werror -I/home/cilinmengye/ics2023/nanos-lite/include -I/home/cilinmengye/ics2023/abstract-machine/am/include/ -I/home/cilinmengye/ics2023/abstract-machine/klib/include/ -D__ISA__=\"am_native\" -D__ISA_AM_NATIVE__ -D__ARCH__=native -D__ARCH_NATIVE -D__PLATFORM__= -D__PLATFORM_ -DARCH_H=\"arch/native.h\" -fno-asynchronous-unwind-tables -fno-builtin -fno-stack-protector -Wno-main -U_FORTIFY_SOURCE -fvisibility=hidden -fpie -c -o /home/cilinmengye/ics2023/nanos-lite/build/native/./src/irq.o /home/cilinmengye/ics2023/nanos-lite/src/irq.c
mkdir -p /home/cilinmengye/ics2023/nanos-lite/build/native/./src/ && echo + AS src/resources.S
gcc -MMD -I/home/cilinmengye/ics2023/nanos-lite/include -I/home/cilinmengye/ics2023/abstract-machine/am/include/ -I/home/cilinmengye/ics2023/abstract-machine/klib/include/ -fpie -pie -c -o /home/cilinmengye/ics2023/nanos-lite/build/native/./src/resources.o /home/cilinmengye/ics2023/nanos-lite/src/resources.S
mkdir -p /home/cilinmengye/ics2023/nanos-lite/build/native/./src/ && echo + CC src/mm.c
gcc -std=gnu11 -O2 -MMD -Wall -Werror -I/home/cilinmengye/ics2023/nanos-lite/include -I/home/cilinmengye/ics2023/abstract-machine/am/include/ -I/home/cilinmengye/ics2023/abstract-machine/klib/include/ -D__ISA__=\"am_native\" -D__ISA_AM_NATIVE__ -D__ARCH__=native -D__ARCH_NATIVE -D__PLATFORM__= -D__PLATFORM_ -DARCH_H=\"arch/native.h\" -fno-asynchronous-unwind-tables -fno-builtin -fno-stack-protector -Wno-main -U_FORTIFY_SOURCE -fvisibility=hidden -fpie -c -o /home/cilinmengye/ics2023/nanos-lite/build/native/./src/mm.o /home/cilinmengye/ics2023/nanos-lite/src/mm.c
make -s -C /home/cilinmengye/ics2023/abstract-machine/am archive
# Building am-archive [native]
mkdir -p /home/cilinmengye/ics2023/abstract-machine/am/build/native/src/native/ && echo + CC src/native/vme.c
gcc -std=gnu11 -O2 -MMD -Wall -Werror -I/home/cilinmengye/ics2023/abstract-machine/am/src -I/home/cilinmengye/ics2023/abstract-machine/am/include -I/home/cilinmengye/ics2023/abstract-machine/am/include/ -I/home/cilinmengye/ics2023/abstract-machine/klib/include/ -D__ISA__=\"native\" -D__ISA_NATIVE__ -D__ARCH__=native -D__ARCH_NATIVE -D__PLATFORM__= -D__PLATFORM_ -DARCH_H=\"arch/native.h\" -fno-asynchronous-unwind-tables -fno-builtin -fno-stack-protector -Wno-main -U_FORTIFY_SOURCE -fvisibility=hidden -fpie -c -o /home/cilinmengye/ics2023/abstract-machine/am/build/native/src/native/vme.o /home/cilinmengye/ics2023/abstract-machine/am/src/native/vme.c
echo + AR "->" build/am-native.a
ar rcs /home/cilinmengye/ics2023/abstract-machine/am/build/am-native.a /home/cilinmengye/ics2023/abstract-machine/am/build/native/src/native/trm.o /home/cilinmengye/ics2023/abstract-machine/am/build/native/src/native/ioe.o /home/cilinmengye/ics2023/abstract-machine/am/build/native/src/native/cte.o /home/cilinmengye/ics2023/abstract-machine/am/build/native/src/native/trap.o /home/cilinmengye/ics2023/abstract-machine/am/build/native/src/native/vme.o /home/cilinmengye/ics2023/abstract-machine/am/build/native/src/native/mpe.o /home/cilinmengye/ics2023/abstract-machine/am/build/native/src/native/platform.o /home/cilinmengye/ics2023/abstract-machine/am/build/native/src/native/ioe/input.o /home/cilinmengye/ics2023/abstract-machine/am/build/native/src/native/ioe/timer.o /home/cilinmengye/ics2023/abstract-machine/am/build/native/src/native/ioe/gpu.o /home/cilinmengye/ics2023/abstract-machine/am/build/native/src/native/ioe/uart.o /home/cilinmengye/ics2023/abstract-machine/am/build/native/src/native/ioe/audio.o /home/cilinmengye/ics2023/abstract-machine/am/build/native/src/native/ioe/disk.o
make -s -C /home/cilinmengye/ics2023/abstract-machine/klib archive
# Building klib-archive [native]
mkdir -p /home/cilinmengye/ics2023/abstract-machine/klib/build/native/src/ && echo + CC src/string.c
gcc -std=gnu11 -O2 -MMD -Wall -Werror -I/home/cilinmengye/ics2023/abstract-machine/klib/include -I/home/cilinmengye/ics2023/abstract-machine/am/include/ -I/home/cilinmengye/ics2023/abstract-machine/klib/include/ -D__ISA__=\"native\" -D__ISA_NATIVE__ -D__ARCH__=native -D__ARCH_NATIVE -D__PLATFORM__= -D__PLATFORM_ -DARCH_H=\"arch/native.h\" -fno-asynchronous-unwind-tables -fno-builtin -fno-stack-protector -Wno-main -U_FORTIFY_SOURCE -fvisibility=hidden -fpie -c -o /home/cilinmengye/ics2023/abstract-machine/klib/build/native/src/string.o /home/cilinmengye/ics2023/abstract-machine/klib/src/string.c
echo + AR "->" build/klib-native.a
ar rcs /home/cilinmengye/ics2023/abstract-machine/klib/build/klib-native.a /home/cilinmengye/ics2023/abstract-machine/klib/build/native/src/string.o /home/cilinmengye/ics2023/abstract-machine/klib/build/native/src/stdlib.o /home/cilinmengye/ics2023/abstract-machine/klib/build/native/src/cpp.o /home/cilinmengye/ics2023/abstract-machine/klib/build/native/src/stdio.o /home/cilinmengye/ics2023/abstract-machine/klib/build/native/src/int64.o
echo \# Creating image [native]
echo + LD "->" build/nanos-lite-native
g++ -pie -o /home/cilinmengye/ics2023/nanos-lite/build/nanos-lite-native -Wl,--whole-archive /home/cilinmengye/ics2023/nanos-lite/build/native/./src/main.o /home/cilinmengye/ics2023/nanos-lite/build/native/./src/loader.o /home/cilinmengye/ics2023/nanos-lite/build/native/./src/device.o /home/cilinmengye/ics2023/nanos-lite/build/native/./src/ramdisk.o /home/cilinmengye/ics2023/nanos-lite/build/native/./src/syscall.o /home/cilinmengye/ics2023/nanos-lite/build/native/./src/fs.o /home/cilinmengye/ics2023/nanos-lite/build/native/./src/proc.o /home/cilinmengye/ics2023/nanos-lite/build/native/./src/irq.o /home/cilinmengye/ics2023/nanos-lite/build/native/./src/resources.o /home/cilinmengye/ics2023/nanos-lite/build/native/./src/mm.o /home/cilinmengye/ics2023/abstract-machine/am/build/am-native.a /home/cilinmengye/ics2023/abstract-machine/klib/build/klib-native.a -Wl,-no-whole-archive -Wl,-z -Wl,noexecstack -lSDL2 -ldl
/home/cilinmengye/ics2023/nanos-lite/build/nanos-lite-native
