echo + CC src/nemu-main.c
mkdir -p /home/cilinmengye/ics2023/nemu/build/obj-riscv32-nemu-interpreter/src/
gcc
 -O2
 -MMD
 -Wall
 -Werror
 -I/home/cilinmengye/ics2023/nemu/include
 -I/home/cilinmengye/ics2023/nemu/src/engine/interpreter
 -I/home/cilinmengye/ics2023/nemu/src/isa/riscv32/include
 -O2
 
 -Og
 -ggdb3
 
 -DITRACE_COND=true
 -D__GUEST_ISA__=riscv32
 -c
 -o
 /home/cilinmengye/ics2023/nemu/build/obj-riscv32-nemu-interpreter/src/nemu-main.o
 src/nemu-main.c
/home/cilinmengye/ics2023/nemu/tools/fixdep/build/fixdep  /home/cilinmengye/ics2023/nemu/build/obj-riscv32-nemu-interpreter/src/nemu-main.d  /home/cilinmengye/ics2023/nemu/build/obj-riscv32-nemu-interpreter/src/nemu-main.o unused >  /home/cilinmengye/ics2023/nemu/build/obj-riscv32-nemu-interpreter/src/nemu-main.d.tmp
mv  /home/cilinmengye/ics2023/nemu/build/obj-riscv32-nemu-interpreter/src/nemu-main.d.tmp  /home/cilinmengye/ics2023/nemu/build/obj-riscv32-nemu-interpreter/src/nemu-main.d
echo + CC src/device/device.c
mkdir -p /home/cilinmengye/ics2023/nemu/build/obj-riscv32-nemu-interpreter/src/device/
gcc -O2 -MMD -Wall -Werror -I/home/cilinmengye/ics2023/nemu/include -I/home/cilinmengye/ics2023/nemu/src/engine/interpreter -I/home/cilinmengye/ics2023/nemu/src/isa/riscv32/include -O2  -Og -ggdb3  -DITRACE_COND=true -D__GUEST_ISA__=riscv32 -c -o /home/cilinmengye/ics2023/nemu/build/obj-riscv32-nemu-interpreter/src/device/device.o src/device/device.c
/home/cilinmengye/ics2023/nemu/tools/fixdep/build/fixdep  /home/cilinmengye/ics2023/nemu/build/obj-riscv32-nemu-interpreter/src/device/device.d  /home/cilinmengye/ics2023/nemu/build/obj-riscv32-nemu-interpreter/src/device/device.o unused >  /home/cilinmengye/ics2023/nemu/build/obj-riscv32-nemu-interpreter/src/device/device.d.tmp
mv  /home/cilinmengye/ics2023/nemu/build/obj-riscv32-nemu-interpreter/src/device/device.d.tmp  /home/cilinmengye/ics2023/nemu/build/obj-riscv32-nemu-interpreter/src/device/device.d
echo + CC src/device/alarm.c
mkdir -p /home/cilinmengye/ics2023/nemu/build/obj-riscv32-nemu-interpreter/src/device/
gcc -O2 -MMD -Wall -Werror -I/home/cilinmengye/ics2023/nemu/include -I/home/cilinmengye/ics2023/nemu/src/engine/interpreter -I/home/cilinmengye/ics2023/nemu/src/isa/riscv32/include -O2  -Og -ggdb3  -DITRACE_COND=true -D__GUEST_ISA__=riscv32 -c -o /home/cilinmengye/ics2023/nemu/build/obj-riscv32-nemu-interpreter/src/device/alarm.o src/device/alarm.c
/home/cilinmengye/ics2023/nemu/tools/fixdep/build/fixdep  /home/cilinmengye/ics2023/nemu/build/obj-riscv32-nemu-interpreter/src/device/alarm.d  /home/cilinmengye/ics2023/nemu/build/obj-riscv32-nemu-interpreter/src/device/alarm.o unused >  /home/cilinmengye/ics2023/nemu/build/obj-riscv32-nemu-interpreter/src/device/alarm.d.tmp
mv  /home/cilinmengye/ics2023/nemu/build/obj-riscv32-nemu-interpreter/src/device/alarm.d.tmp  /home/cilinmengye/ics2023/nemu/build/obj-riscv32-nemu-interpreter/src/device/alarm.d
echo + CC src/device/intr.c
mkdir -p /home/cilinmengye/ics2023/nemu/build/obj-riscv32-nemu-interpreter/src/device/
gcc -O2 -MMD -Wall -Werror -I/home/cilinmengye/ics2023/nemu/include -I/home/cilinmengye/ics2023/nemu/src/engine/interpreter -I/home/cilinmengye/ics2023/nemu/src/isa/riscv32/include -O2  -Og -ggdb3  -DITRACE_COND=true -D__GUEST_ISA__=riscv32 -c -o /home/cilinmengye/ics2023/nemu/build/obj-riscv32-nemu-interpreter/src/device/intr.o src/device/intr.c
/home/cilinmengye/ics2023/nemu/tools/fixdep/build/fixdep  /home/cilinmengye/ics2023/nemu/build/obj-riscv32-nemu-interpreter/src/device/intr.d  /home/cilinmengye/ics2023/nemu/build/obj-riscv32-nemu-interpreter/src/device/intr.o unused >  /home/cilinmengye/ics2023/nemu/build/obj-riscv32-nemu-interpreter/src/device/intr.d.tmp
mv  /home/cilinmengye/ics2023/nemu/build/obj-riscv32-nemu-interpreter/src/device/intr.d.tmp  /home/cilinmengye/ics2023/nemu/build/obj-riscv32-nemu-interpreter/src/device/intr.d
echo + CC src/device/serial.c
mkdir -p /home/cilinmengye/ics2023/nemu/build/obj-riscv32-nemu-interpreter/src/device/
gcc -O2 -MMD -Wall -Werror -I/home/cilinmengye/ics2023/nemu/include -I/home/cilinmengye/ics2023/nemu/src/engine/interpreter -I/home/cilinmengye/ics2023/nemu/src/isa/riscv32/include -O2  -Og -ggdb3  -DITRACE_COND=true -D__GUEST_ISA__=riscv32 -c -o /home/cilinmengye/ics2023/nemu/build/obj-riscv32-nemu-interpreter/src/device/serial.o src/device/serial.c
/home/cilinmengye/ics2023/nemu/tools/fixdep/build/fixdep  /home/cilinmengye/ics2023/nemu/build/obj-riscv32-nemu-interpreter/src/device/serial.d  /home/cilinmengye/ics2023/nemu/build/obj-riscv32-nemu-interpreter/src/device/serial.o unused >  /home/cilinmengye/ics2023/nemu/build/obj-riscv32-nemu-interpreter/src/device/serial.d.tmp
mv  /home/cilinmengye/ics2023/nemu/build/obj-riscv32-nemu-interpreter/src/device/serial.d.tmp  /home/cilinmengye/ics2023/nemu/build/obj-riscv32-nemu-interpreter/src/device/serial.d
echo + CC src/device/timer.c
mkdir -p /home/cilinmengye/ics2023/nemu/build/obj-riscv32-nemu-interpreter/src/device/
gcc -O2 -MMD -Wall -Werror -I/home/cilinmengye/ics2023/nemu/include -I/home/cilinmengye/ics2023/nemu/src/engine/interpreter -I/home/cilinmengye/ics2023/nemu/src/isa/riscv32/include -O2  -Og -ggdb3  -DITRACE_COND=true -D__GUEST_ISA__=riscv32 -c -o /home/cilinmengye/ics2023/nemu/build/obj-riscv32-nemu-interpreter/src/device/timer.o src/device/timer.c
/home/cilinmengye/ics2023/nemu/tools/fixdep/build/fixdep  /home/cilinmengye/ics2023/nemu/build/obj-riscv32-nemu-interpreter/src/device/timer.d  /home/cilinmengye/ics2023/nemu/build/obj-riscv32-nemu-interpreter/src/device/timer.o unused >  /home/cilinmengye/ics2023/nemu/build/obj-riscv32-nemu-interpreter/src/device/timer.d.tmp
mv  /home/cilinmengye/ics2023/nemu/build/obj-riscv32-nemu-interpreter/src/device/timer.d.tmp  /home/cilinmengye/ics2023/nemu/build/obj-riscv32-nemu-interpreter/src/device/timer.d
echo + CC src/device/keyboard.c
mkdir -p /home/cilinmengye/ics2023/nemu/build/obj-riscv32-nemu-interpreter/src/device/
gcc -O2 -MMD -Wall -Werror -I/home/cilinmengye/ics2023/nemu/include -I/home/cilinmengye/ics2023/nemu/src/engine/interpreter -I/home/cilinmengye/ics2023/nemu/src/isa/riscv32/include -O2  -Og -ggdb3  -DITRACE_COND=true -D__GUEST_ISA__=riscv32 -c -o /home/cilinmengye/ics2023/nemu/build/obj-riscv32-nemu-interpreter/src/device/keyboard.o src/device/keyboard.c
/home/cilinmengye/ics2023/nemu/tools/fixdep/build/fixdep  /home/cilinmengye/ics2023/nemu/build/obj-riscv32-nemu-interpreter/src/device/keyboard.d  /home/cilinmengye/ics2023/nemu/build/obj-riscv32-nemu-interpreter/src/device/keyboard.o unused >  /home/cilinmengye/ics2023/nemu/build/obj-riscv32-nemu-interpreter/src/device/keyboard.d.tmp
mv  /home/cilinmengye/ics2023/nemu/build/obj-riscv32-nemu-interpreter/src/device/keyboard.d.tmp  /home/cilinmengye/ics2023/nemu/build/obj-riscv32-nemu-interpreter/src/device/keyboard.d
echo + CC src/device/vga.c
mkdir -p /home/cilinmengye/ics2023/nemu/build/obj-riscv32-nemu-interpreter/src/device/
gcc -O2 -MMD -Wall -Werror -I/home/cilinmengye/ics2023/nemu/include -I/home/cilinmengye/ics2023/nemu/src/engine/interpreter -I/home/cilinmengye/ics2023/nemu/src/isa/riscv32/include -O2  -Og -ggdb3  -DITRACE_COND=true -D__GUEST_ISA__=riscv32 -c -o /home/cilinmengye/ics2023/nemu/build/obj-riscv32-nemu-interpreter/src/device/vga.o src/device/vga.c
/home/cilinmengye/ics2023/nemu/tools/fixdep/build/fixdep  /home/cilinmengye/ics2023/nemu/build/obj-riscv32-nemu-interpreter/src/device/vga.d  /home/cilinmengye/ics2023/nemu/build/obj-riscv32-nemu-interpreter/src/device/vga.o unused >  /home/cilinmengye/ics2023/nemu/build/obj-riscv32-nemu-interpreter/src/device/vga.d.tmp
mv  /home/cilinmengye/ics2023/nemu/build/obj-riscv32-nemu-interpreter/src/device/vga.d.tmp  /home/cilinmengye/ics2023/nemu/build/obj-riscv32-nemu-interpreter/src/device/vga.d
echo + CC src/device/audio.c
mkdir -p /home/cilinmengye/ics2023/nemu/build/obj-riscv32-nemu-interpreter/src/device/
gcc -O2 -MMD -Wall -Werror -I/home/cilinmengye/ics2023/nemu/include -I/home/cilinmengye/ics2023/nemu/src/engine/interpreter -I/home/cilinmengye/ics2023/nemu/src/isa/riscv32/include -O2  -Og -ggdb3  -DITRACE_COND=true -D__GUEST_ISA__=riscv32 -c -o /home/cilinmengye/ics2023/nemu/build/obj-riscv32-nemu-interpreter/src/device/audio.o src/device/audio.c
/home/cilinmengye/ics2023/nemu/tools/fixdep/build/fixdep  /home/cilinmengye/ics2023/nemu/build/obj-riscv32-nemu-interpreter/src/device/audio.d  /home/cilinmengye/ics2023/nemu/build/obj-riscv32-nemu-interpreter/src/device/audio.o unused >  /home/cilinmengye/ics2023/nemu/build/obj-riscv32-nemu-interpreter/src/device/audio.d.tmp
mv  /home/cilinmengye/ics2023/nemu/build/obj-riscv32-nemu-interpreter/src/device/audio.d.tmp  /home/cilinmengye/ics2023/nemu/build/obj-riscv32-nemu-interpreter/src/device/audio.d
echo + CC src/device/disk.c
mkdir -p /home/cilinmengye/ics2023/nemu/build/obj-riscv32-nemu-interpreter/src/device/
gcc -O2 -MMD -Wall -Werror -I/home/cilinmengye/ics2023/nemu/include -I/home/cilinmengye/ics2023/nemu/src/engine/interpreter -I/home/cilinmengye/ics2023/nemu/src/isa/riscv32/include -O2  -Og -ggdb3  -DITRACE_COND=true -D__GUEST_ISA__=riscv32 -c -o /home/cilinmengye/ics2023/nemu/build/obj-riscv32-nemu-interpreter/src/device/disk.o src/device/disk.c
/home/cilinmengye/ics2023/nemu/tools/fixdep/build/fixdep  /home/cilinmengye/ics2023/nemu/build/obj-riscv32-nemu-interpreter/src/device/disk.d  /home/cilinmengye/ics2023/nemu/build/obj-riscv32-nemu-interpreter/src/device/disk.o unused >  /home/cilinmengye/ics2023/nemu/build/obj-riscv32-nemu-interpreter/src/device/disk.d.tmp
mv  /home/cilinmengye/ics2023/nemu/build/obj-riscv32-nemu-interpreter/src/device/disk.d.tmp  /home/cilinmengye/ics2023/nemu/build/obj-riscv32-nemu-interpreter/src/device/disk.d
echo + CC src/cpu/cpu-exec.c
mkdir -p /home/cilinmengye/ics2023/nemu/build/obj-riscv32-nemu-interpreter/src/cpu/
gcc -O2 -MMD -Wall -Werror -I/home/cilinmengye/ics2023/nemu/include -I/home/cilinmengye/ics2023/nemu/src/engine/interpreter -I/home/cilinmengye/ics2023/nemu/src/isa/riscv32/include -O2  -Og -ggdb3  -DITRACE_COND=true -D__GUEST_ISA__=riscv32 -c -o /home/cilinmengye/ics2023/nemu/build/obj-riscv32-nemu-interpreter/src/cpu/cpu-exec.o src/cpu/cpu-exec.c
/home/cilinmengye/ics2023/nemu/tools/fixdep/build/fixdep  /home/cilinmengye/ics2023/nemu/build/obj-riscv32-nemu-interpreter/src/cpu/cpu-exec.d  /home/cilinmengye/ics2023/nemu/build/obj-riscv32-nemu-interpreter/src/cpu/cpu-exec.o unused >  /home/cilinmengye/ics2023/nemu/build/obj-riscv32-nemu-interpreter/src/cpu/cpu-exec.d.tmp
mv  /home/cilinmengye/ics2023/nemu/build/obj-riscv32-nemu-interpreter/src/cpu/cpu-exec.d.tmp  /home/cilinmengye/ics2023/nemu/build/obj-riscv32-nemu-interpreter/src/cpu/cpu-exec.d
echo + CC src/cpu/difftest/dut.c
mkdir -p /home/cilinmengye/ics2023/nemu/build/obj-riscv32-nemu-interpreter/src/cpu/difftest/
gcc -O2 -MMD -Wall -Werror -I/home/cilinmengye/ics2023/nemu/include -I/home/cilinmengye/ics2023/nemu/src/engine/interpreter -I/home/cilinmengye/ics2023/nemu/src/isa/riscv32/include -O2  -Og -ggdb3  -DITRACE_COND=true -D__GUEST_ISA__=riscv32 -c -o /home/cilinmengye/ics2023/nemu/build/obj-riscv32-nemu-interpreter/src/cpu/difftest/dut.o src/cpu/difftest/dut.c
/home/cilinmengye/ics2023/nemu/tools/fixdep/build/fixdep  /home/cilinmengye/ics2023/nemu/build/obj-riscv32-nemu-interpreter/src/cpu/difftest/dut.d  /home/cilinmengye/ics2023/nemu/build/obj-riscv32-nemu-interpreter/src/cpu/difftest/dut.o unused >  /home/cilinmengye/ics2023/nemu/build/obj-riscv32-nemu-interpreter/src/cpu/difftest/dut.d.tmp
mv  /home/cilinmengye/ics2023/nemu/build/obj-riscv32-nemu-interpreter/src/cpu/difftest/dut.d.tmp  /home/cilinmengye/ics2023/nemu/build/obj-riscv32-nemu-interpreter/src/cpu/difftest/dut.d
echo + CC src/cpu/difftest/ref.c
mkdir -p /home/cilinmengye/ics2023/nemu/build/obj-riscv32-nemu-interpreter/src/cpu/difftest/
gcc -O2 -MMD -Wall -Werror -I/home/cilinmengye/ics2023/nemu/include -I/home/cilinmengye/ics2023/nemu/src/engine/interpreter -I/home/cilinmengye/ics2023/nemu/src/isa/riscv32/include -O2  -Og -ggdb3  -DITRACE_COND=true -D__GUEST_ISA__=riscv32 -c -o /home/cilinmengye/ics2023/nemu/build/obj-riscv32-nemu-interpreter/src/cpu/difftest/ref.o src/cpu/difftest/ref.c
/home/cilinmengye/ics2023/nemu/tools/fixdep/build/fixdep  /home/cilinmengye/ics2023/nemu/build/obj-riscv32-nemu-interpreter/src/cpu/difftest/ref.d  /home/cilinmengye/ics2023/nemu/build/obj-riscv32-nemu-interpreter/src/cpu/difftest/ref.o unused >  /home/cilinmengye/ics2023/nemu/build/obj-riscv32-nemu-interpreter/src/cpu/difftest/ref.d.tmp
mv  /home/cilinmengye/ics2023/nemu/build/obj-riscv32-nemu-interpreter/src/cpu/difftest/ref.d.tmp  /home/cilinmengye/ics2023/nemu/build/obj-riscv32-nemu-interpreter/src/cpu/difftest/ref.d
echo + CC src/monitor/monitor.c
mkdir -p /home/cilinmengye/ics2023/nemu/build/obj-riscv32-nemu-interpreter/src/monitor/
gcc -O2 -MMD -Wall -Werror -I/home/cilinmengye/ics2023/nemu/include -I/home/cilinmengye/ics2023/nemu/src/engine/interpreter -I/home/cilinmengye/ics2023/nemu/src/isa/riscv32/include -O2  -Og -ggdb3  -DITRACE_COND=true -D__GUEST_ISA__=riscv32 -c -o /home/cilinmengye/ics2023/nemu/build/obj-riscv32-nemu-interpreter/src/monitor/monitor.o src/monitor/monitor.c
/home/cilinmengye/ics2023/nemu/tools/fixdep/build/fixdep  /home/cilinmengye/ics2023/nemu/build/obj-riscv32-nemu-interpreter/src/monitor/monitor.d  /home/cilinmengye/ics2023/nemu/build/obj-riscv32-nemu-interpreter/src/monitor/monitor.o unused >  /home/cilinmengye/ics2023/nemu/build/obj-riscv32-nemu-interpreter/src/monitor/monitor.d.tmp
mv  /home/cilinmengye/ics2023/nemu/build/obj-riscv32-nemu-interpreter/src/monitor/monitor.d.tmp  /home/cilinmengye/ics2023/nemu/build/obj-riscv32-nemu-interpreter/src/monitor/monitor.d
echo + CC src/monitor/sdb/watchpoint.c
mkdir -p /home/cilinmengye/ics2023/nemu/build/obj-riscv32-nemu-interpreter/src/monitor/sdb/
gcc -O2 -MMD -Wall -Werror -I/home/cilinmengye/ics2023/nemu/include -I/home/cilinmengye/ics2023/nemu/src/engine/interpreter -I/home/cilinmengye/ics2023/nemu/src/isa/riscv32/include -O2  -Og -ggdb3  -DITRACE_COND=true -D__GUEST_ISA__=riscv32 -c -o /home/cilinmengye/ics2023/nemu/build/obj-riscv32-nemu-interpreter/src/monitor/sdb/watchpoint.o src/monitor/sdb/watchpoint.c
/home/cilinmengye/ics2023/nemu/tools/fixdep/build/fixdep  /home/cilinmengye/ics2023/nemu/build/obj-riscv32-nemu-interpreter/src/monitor/sdb/watchpoint.d  /home/cilinmengye/ics2023/nemu/build/obj-riscv32-nemu-interpreter/src/monitor/sdb/watchpoint.o unused >  /home/cilinmengye/ics2023/nemu/build/obj-riscv32-nemu-interpreter/src/monitor/sdb/watchpoint.d.tmp
mv  /home/cilinmengye/ics2023/nemu/build/obj-riscv32-nemu-interpreter/src/monitor/sdb/watchpoint.d.tmp  /home/cilinmengye/ics2023/nemu/build/obj-riscv32-nemu-interpreter/src/monitor/sdb/watchpoint.d
echo + CC src/monitor/sdb/sdb.c
mkdir -p /home/cilinmengye/ics2023/nemu/build/obj-riscv32-nemu-interpreter/src/monitor/sdb/
gcc -O2 -MMD -Wall -Werror -I/home/cilinmengye/ics2023/nemu/include -I/home/cilinmengye/ics2023/nemu/src/engine/interpreter -I/home/cilinmengye/ics2023/nemu/src/isa/riscv32/include -O2  -Og -ggdb3  -DITRACE_COND=true -D__GUEST_ISA__=riscv32 -c -o /home/cilinmengye/ics2023/nemu/build/obj-riscv32-nemu-interpreter/src/monitor/sdb/sdb.o src/monitor/sdb/sdb.c
/home/cilinmengye/ics2023/nemu/tools/fixdep/build/fixdep  /home/cilinmengye/ics2023/nemu/build/obj-riscv32-nemu-interpreter/src/monitor/sdb/sdb.d  /home/cilinmengye/ics2023/nemu/build/obj-riscv32-nemu-interpreter/src/monitor/sdb/sdb.o unused >  /home/cilinmengye/ics2023/nemu/build/obj-riscv32-nemu-interpreter/src/monitor/sdb/sdb.d.tmp
mv  /home/cilinmengye/ics2023/nemu/build/obj-riscv32-nemu-interpreter/src/monitor/sdb/sdb.d.tmp  /home/cilinmengye/ics2023/nemu/build/obj-riscv32-nemu-interpreter/src/monitor/sdb/sdb.d
echo + CC src/monitor/sdb/expr.c
mkdir -p /home/cilinmengye/ics2023/nemu/build/obj-riscv32-nemu-interpreter/src/monitor/sdb/
gcc -O2 -MMD -Wall -Werror -I/home/cilinmengye/ics2023/nemu/include -I/home/cilinmengye/ics2023/nemu/src/engine/interpreter -I/home/cilinmengye/ics2023/nemu/src/isa/riscv32/include -O2  -Og -ggdb3  -DITRACE_COND=true -D__GUEST_ISA__=riscv32 -c -o /home/cilinmengye/ics2023/nemu/build/obj-riscv32-nemu-interpreter/src/monitor/sdb/expr.o src/monitor/sdb/expr.c
/home/cilinmengye/ics2023/nemu/tools/fixdep/build/fixdep  /home/cilinmengye/ics2023/nemu/build/obj-riscv32-nemu-interpreter/src/monitor/sdb/expr.d  /home/cilinmengye/ics2023/nemu/build/obj-riscv32-nemu-interpreter/src/monitor/sdb/expr.o unused >  /home/cilinmengye/ics2023/nemu/build/obj-riscv32-nemu-interpreter/src/monitor/sdb/expr.d.tmp
mv  /home/cilinmengye/ics2023/nemu/build/obj-riscv32-nemu-interpreter/src/monitor/sdb/expr.d.tmp  /home/cilinmengye/ics2023/nemu/build/obj-riscv32-nemu-interpreter/src/monitor/sdb/expr.d
echo + CC src/utils/log.c
mkdir -p /home/cilinmengye/ics2023/nemu/build/obj-riscv32-nemu-interpreter/src/utils/
gcc -O2 -MMD -Wall -Werror -I/home/cilinmengye/ics2023/nemu/include -I/home/cilinmengye/ics2023/nemu/src/engine/interpreter -I/home/cilinmengye/ics2023/nemu/src/isa/riscv32/include -O2  -Og -ggdb3  -DITRACE_COND=true -D__GUEST_ISA__=riscv32 -c -o /home/cilinmengye/ics2023/nemu/build/obj-riscv32-nemu-interpreter/src/utils/log.o src/utils/log.c
/home/cilinmengye/ics2023/nemu/tools/fixdep/build/fixdep  /home/cilinmengye/ics2023/nemu/build/obj-riscv32-nemu-interpreter/src/utils/log.d  /home/cilinmengye/ics2023/nemu/build/obj-riscv32-nemu-interpreter/src/utils/log.o unused >  /home/cilinmengye/ics2023/nemu/build/obj-riscv32-nemu-interpreter/src/utils/log.d.tmp
mv  /home/cilinmengye/ics2023/nemu/build/obj-riscv32-nemu-interpreter/src/utils/log.d.tmp  /home/cilinmengye/ics2023/nemu/build/obj-riscv32-nemu-interpreter/src/utils/log.d
echo + CC src/utils/state.c
mkdir -p /home/cilinmengye/ics2023/nemu/build/obj-riscv32-nemu-interpreter/src/utils/
gcc -O2 -MMD -Wall -Werror -I/home/cilinmengye/ics2023/nemu/include -I/home/cilinmengye/ics2023/nemu/src/engine/interpreter -I/home/cilinmengye/ics2023/nemu/src/isa/riscv32/include -O2  -Og -ggdb3  -DITRACE_COND=true -D__GUEST_ISA__=riscv32 -c -o /home/cilinmengye/ics2023/nemu/build/obj-riscv32-nemu-interpreter/src/utils/state.o src/utils/state.c
/home/cilinmengye/ics2023/nemu/tools/fixdep/build/fixdep  /home/cilinmengye/ics2023/nemu/build/obj-riscv32-nemu-interpreter/src/utils/state.d  /home/cilinmengye/ics2023/nemu/build/obj-riscv32-nemu-interpreter/src/utils/state.o unused >  /home/cilinmengye/ics2023/nemu/build/obj-riscv32-nemu-interpreter/src/utils/state.d.tmp
mv  /home/cilinmengye/ics2023/nemu/build/obj-riscv32-nemu-interpreter/src/utils/state.d.tmp  /home/cilinmengye/ics2023/nemu/build/obj-riscv32-nemu-interpreter/src/utils/state.d
echo + CC src/utils/trace.c
mkdir -p /home/cilinmengye/ics2023/nemu/build/obj-riscv32-nemu-interpreter/src/utils/
gcc -O2 -MMD -Wall -Werror -I/home/cilinmengye/ics2023/nemu/include -I/home/cilinmengye/ics2023/nemu/src/engine/interpreter -I/home/cilinmengye/ics2023/nemu/src/isa/riscv32/include -O2  -Og -ggdb3  -DITRACE_COND=true -D__GUEST_ISA__=riscv32 -c -o /home/cilinmengye/ics2023/nemu/build/obj-riscv32-nemu-interpreter/src/utils/trace.o src/utils/trace.c
/home/cilinmengye/ics2023/nemu/tools/fixdep/build/fixdep  /home/cilinmengye/ics2023/nemu/build/obj-riscv32-nemu-interpreter/src/utils/trace.d  /home/cilinmengye/ics2023/nemu/build/obj-riscv32-nemu-interpreter/src/utils/trace.o unused >  /home/cilinmengye/ics2023/nemu/build/obj-riscv32-nemu-interpreter/src/utils/trace.d.tmp
mv  /home/cilinmengye/ics2023/nemu/build/obj-riscv32-nemu-interpreter/src/utils/trace.d.tmp  /home/cilinmengye/ics2023/nemu/build/obj-riscv32-nemu-interpreter/src/utils/trace.d
echo + CC src/utils/timer.c
mkdir -p /home/cilinmengye/ics2023/nemu/build/obj-riscv32-nemu-interpreter/src/utils/
gcc -O2 -MMD -Wall -Werror -I/home/cilinmengye/ics2023/nemu/include -I/home/cilinmengye/ics2023/nemu/src/engine/interpreter -I/home/cilinmengye/ics2023/nemu/src/isa/riscv32/include -O2  -Og -ggdb3  -DITRACE_COND=true -D__GUEST_ISA__=riscv32 -c -o /home/cilinmengye/ics2023/nemu/build/obj-riscv32-nemu-interpreter/src/utils/timer.o src/utils/timer.c
/home/cilinmengye/ics2023/nemu/tools/fixdep/build/fixdep  /home/cilinmengye/ics2023/nemu/build/obj-riscv32-nemu-interpreter/src/utils/timer.d  /home/cilinmengye/ics2023/nemu/build/obj-riscv32-nemu-interpreter/src/utils/timer.o unused >  /home/cilinmengye/ics2023/nemu/build/obj-riscv32-nemu-interpreter/src/utils/timer.d.tmp
mv  /home/cilinmengye/ics2023/nemu/build/obj-riscv32-nemu-interpreter/src/utils/timer.d.tmp  /home/cilinmengye/ics2023/nemu/build/obj-riscv32-nemu-interpreter/src/utils/timer.d
echo + CC src/memory/paddr.c
mkdir -p /home/cilinmengye/ics2023/nemu/build/obj-riscv32-nemu-interpreter/src/memory/
gcc -O2 -MMD -Wall -Werror -I/home/cilinmengye/ics2023/nemu/include -I/home/cilinmengye/ics2023/nemu/src/engine/interpreter -I/home/cilinmengye/ics2023/nemu/src/isa/riscv32/include -O2  -Og -ggdb3  -DITRACE_COND=true -D__GUEST_ISA__=riscv32 -c -o /home/cilinmengye/ics2023/nemu/build/obj-riscv32-nemu-interpreter/src/memory/paddr.o src/memory/paddr.c
/home/cilinmengye/ics2023/nemu/tools/fixdep/build/fixdep  /home/cilinmengye/ics2023/nemu/build/obj-riscv32-nemu-interpreter/src/memory/paddr.d  /home/cilinmengye/ics2023/nemu/build/obj-riscv32-nemu-interpreter/src/memory/paddr.o unused >  /home/cilinmengye/ics2023/nemu/build/obj-riscv32-nemu-interpreter/src/memory/paddr.d.tmp
mv  /home/cilinmengye/ics2023/nemu/build/obj-riscv32-nemu-interpreter/src/memory/paddr.d.tmp  /home/cilinmengye/ics2023/nemu/build/obj-riscv32-nemu-interpreter/src/memory/paddr.d
echo + CC src/memory/vaddr.c
mkdir -p /home/cilinmengye/ics2023/nemu/build/obj-riscv32-nemu-interpreter/src/memory/
gcc -O2 -MMD -Wall -Werror -I/home/cilinmengye/ics2023/nemu/include -I/home/cilinmengye/ics2023/nemu/src/engine/interpreter -I/home/cilinmengye/ics2023/nemu/src/isa/riscv32/include -O2  -Og -ggdb3  -DITRACE_COND=true -D__GUEST_ISA__=riscv32 -c -o /home/cilinmengye/ics2023/nemu/build/obj-riscv32-nemu-interpreter/src/memory/vaddr.o src/memory/vaddr.c
/home/cilinmengye/ics2023/nemu/tools/fixdep/build/fixdep  /home/cilinmengye/ics2023/nemu/build/obj-riscv32-nemu-interpreter/src/memory/vaddr.d  /home/cilinmengye/ics2023/nemu/build/obj-riscv32-nemu-interpreter/src/memory/vaddr.o unused >  /home/cilinmengye/ics2023/nemu/build/obj-riscv32-nemu-interpreter/src/memory/vaddr.d.tmp
mv  /home/cilinmengye/ics2023/nemu/build/obj-riscv32-nemu-interpreter/src/memory/vaddr.d.tmp  /home/cilinmengye/ics2023/nemu/build/obj-riscv32-nemu-interpreter/src/memory/vaddr.d
echo + CC src/engine/interpreter/hostcall.c
mkdir -p /home/cilinmengye/ics2023/nemu/build/obj-riscv32-nemu-interpreter/src/engine/interpreter/
gcc -O2 -MMD -Wall -Werror -I/home/cilinmengye/ics2023/nemu/include -I/home/cilinmengye/ics2023/nemu/src/engine/interpreter -I/home/cilinmengye/ics2023/nemu/src/isa/riscv32/include -O2  -Og -ggdb3  -DITRACE_COND=true -D__GUEST_ISA__=riscv32 -c -o /home/cilinmengye/ics2023/nemu/build/obj-riscv32-nemu-interpreter/src/engine/interpreter/hostcall.o src/engine/interpreter/hostcall.c
/home/cilinmengye/ics2023/nemu/tools/fixdep/build/fixdep  /home/cilinmengye/ics2023/nemu/build/obj-riscv32-nemu-interpreter/src/engine/interpreter/hostcall.d  /home/cilinmengye/ics2023/nemu/build/obj-riscv32-nemu-interpreter/src/engine/interpreter/hostcall.o unused >  /home/cilinmengye/ics2023/nemu/build/obj-riscv32-nemu-interpreter/src/engine/interpreter/hostcall.d.tmp
mv  /home/cilinmengye/ics2023/nemu/build/obj-riscv32-nemu-interpreter/src/engine/interpreter/hostcall.d.tmp  /home/cilinmengye/ics2023/nemu/build/obj-riscv32-nemu-interpreter/src/engine/interpreter/hostcall.d
echo + CC src/engine/interpreter/init.c
mkdir -p /home/cilinmengye/ics2023/nemu/build/obj-riscv32-nemu-interpreter/src/engine/interpreter/
gcc -O2 -MMD -Wall -Werror -I/home/cilinmengye/ics2023/nemu/include -I/home/cilinmengye/ics2023/nemu/src/engine/interpreter -I/home/cilinmengye/ics2023/nemu/src/isa/riscv32/include -O2  -Og -ggdb3  -DITRACE_COND=true -D__GUEST_ISA__=riscv32 -c -o /home/cilinmengye/ics2023/nemu/build/obj-riscv32-nemu-interpreter/src/engine/interpreter/init.o src/engine/interpreter/init.c
/home/cilinmengye/ics2023/nemu/tools/fixdep/build/fixdep  /home/cilinmengye/ics2023/nemu/build/obj-riscv32-nemu-interpreter/src/engine/interpreter/init.d  /home/cilinmengye/ics2023/nemu/build/obj-riscv32-nemu-interpreter/src/engine/interpreter/init.o unused >  /home/cilinmengye/ics2023/nemu/build/obj-riscv32-nemu-interpreter/src/engine/interpreter/init.d.tmp
mv  /home/cilinmengye/ics2023/nemu/build/obj-riscv32-nemu-interpreter/src/engine/interpreter/init.d.tmp  /home/cilinmengye/ics2023/nemu/build/obj-riscv32-nemu-interpreter/src/engine/interpreter/init.d
echo + CC src/isa/riscv32/system/intr.c
mkdir -p /home/cilinmengye/ics2023/nemu/build/obj-riscv32-nemu-interpreter/src/isa/riscv32/system/
gcc -O2 -MMD -Wall -Werror -I/home/cilinmengye/ics2023/nemu/include -I/home/cilinmengye/ics2023/nemu/src/engine/interpreter -I/home/cilinmengye/ics2023/nemu/src/isa/riscv32/include -O2  -Og -ggdb3  -DITRACE_COND=true -D__GUEST_ISA__=riscv32 -c -o /home/cilinmengye/ics2023/nemu/build/obj-riscv32-nemu-interpreter/src/isa/riscv32/system/intr.o src/isa/riscv32/system/intr.c
/home/cilinmengye/ics2023/nemu/tools/fixdep/build/fixdep  /home/cilinmengye/ics2023/nemu/build/obj-riscv32-nemu-interpreter/src/isa/riscv32/system/intr.d  /home/cilinmengye/ics2023/nemu/build/obj-riscv32-nemu-interpreter/src/isa/riscv32/system/intr.o unused >  /home/cilinmengye/ics2023/nemu/build/obj-riscv32-nemu-interpreter/src/isa/riscv32/system/intr.d.tmp
mv  /home/cilinmengye/ics2023/nemu/build/obj-riscv32-nemu-interpreter/src/isa/riscv32/system/intr.d.tmp  /home/cilinmengye/ics2023/nemu/build/obj-riscv32-nemu-interpreter/src/isa/riscv32/system/intr.d
echo + CC src/isa/riscv32/system/mmu.c
mkdir -p /home/cilinmengye/ics2023/nemu/build/obj-riscv32-nemu-interpreter/src/isa/riscv32/system/
gcc -O2 -MMD -Wall -Werror -I/home/cilinmengye/ics2023/nemu/include -I/home/cilinmengye/ics2023/nemu/src/engine/interpreter -I/home/cilinmengye/ics2023/nemu/src/isa/riscv32/include -O2  -Og -ggdb3  -DITRACE_COND=true -D__GUEST_ISA__=riscv32 -c -o /home/cilinmengye/ics2023/nemu/build/obj-riscv32-nemu-interpreter/src/isa/riscv32/system/mmu.o src/isa/riscv32/system/mmu.c
/home/cilinmengye/ics2023/nemu/tools/fixdep/build/fixdep  /home/cilinmengye/ics2023/nemu/build/obj-riscv32-nemu-interpreter/src/isa/riscv32/system/mmu.d  /home/cilinmengye/ics2023/nemu/build/obj-riscv32-nemu-interpreter/src/isa/riscv32/system/mmu.o unused >  /home/cilinmengye/ics2023/nemu/build/obj-riscv32-nemu-interpreter/src/isa/riscv32/system/mmu.d.tmp
mv  /home/cilinmengye/ics2023/nemu/build/obj-riscv32-nemu-interpreter/src/isa/riscv32/system/mmu.d.tmp  /home/cilinmengye/ics2023/nemu/build/obj-riscv32-nemu-interpreter/src/isa/riscv32/system/mmu.d
echo + CC src/isa/riscv32/inst.c
mkdir -p /home/cilinmengye/ics2023/nemu/build/obj-riscv32-nemu-interpreter/src/isa/riscv32/
gcc -O2 -MMD -Wall -Werror -I/home/cilinmengye/ics2023/nemu/include -I/home/cilinmengye/ics2023/nemu/src/engine/interpreter -I/home/cilinmengye/ics2023/nemu/src/isa/riscv32/include -O2  -Og -ggdb3  -DITRACE_COND=true -D__GUEST_ISA__=riscv32 -c -o /home/cilinmengye/ics2023/nemu/build/obj-riscv32-nemu-interpreter/src/isa/riscv32/inst.o src/isa/riscv32/inst.c
/home/cilinmengye/ics2023/nemu/tools/fixdep/build/fixdep  /home/cilinmengye/ics2023/nemu/build/obj-riscv32-nemu-interpreter/src/isa/riscv32/inst.d  /home/cilinmengye/ics2023/nemu/build/obj-riscv32-nemu-interpreter/src/isa/riscv32/inst.o unused >  /home/cilinmengye/ics2023/nemu/build/obj-riscv32-nemu-interpreter/src/isa/riscv32/inst.d.tmp
mv  /home/cilinmengye/ics2023/nemu/build/obj-riscv32-nemu-interpreter/src/isa/riscv32/inst.d.tmp  /home/cilinmengye/ics2023/nemu/build/obj-riscv32-nemu-interpreter/src/isa/riscv32/inst.d
echo + CC src/isa/riscv32/logo.c
mkdir -p /home/cilinmengye/ics2023/nemu/build/obj-riscv32-nemu-interpreter/src/isa/riscv32/
gcc -O2 -MMD -Wall -Werror -I/home/cilinmengye/ics2023/nemu/include -I/home/cilinmengye/ics2023/nemu/src/engine/interpreter -I/home/cilinmengye/ics2023/nemu/src/isa/riscv32/include -O2  -Og -ggdb3  -DITRACE_COND=true -D__GUEST_ISA__=riscv32 -c -o /home/cilinmengye/ics2023/nemu/build/obj-riscv32-nemu-interpreter/src/isa/riscv32/logo.o src/isa/riscv32/logo.c
/home/cilinmengye/ics2023/nemu/tools/fixdep/build/fixdep  /home/cilinmengye/ics2023/nemu/build/obj-riscv32-nemu-interpreter/src/isa/riscv32/logo.d  /home/cilinmengye/ics2023/nemu/build/obj-riscv32-nemu-interpreter/src/isa/riscv32/logo.o unused >  /home/cilinmengye/ics2023/nemu/build/obj-riscv32-nemu-interpreter/src/isa/riscv32/logo.d.tmp
mv  /home/cilinmengye/ics2023/nemu/build/obj-riscv32-nemu-interpreter/src/isa/riscv32/logo.d.tmp  /home/cilinmengye/ics2023/nemu/build/obj-riscv32-nemu-interpreter/src/isa/riscv32/logo.d
echo + CC src/isa/riscv32/difftest/dut.c
mkdir -p /home/cilinmengye/ics2023/nemu/build/obj-riscv32-nemu-interpreter/src/isa/riscv32/difftest/
gcc -O2 -MMD -Wall -Werror -I/home/cilinmengye/ics2023/nemu/include -I/home/cilinmengye/ics2023/nemu/src/engine/interpreter -I/home/cilinmengye/ics2023/nemu/src/isa/riscv32/include -O2  -Og -ggdb3  -DITRACE_COND=true -D__GUEST_ISA__=riscv32 -c -o /home/cilinmengye/ics2023/nemu/build/obj-riscv32-nemu-interpreter/src/isa/riscv32/difftest/dut.o src/isa/riscv32/difftest/dut.c
/home/cilinmengye/ics2023/nemu/tools/fixdep/build/fixdep  /home/cilinmengye/ics2023/nemu/build/obj-riscv32-nemu-interpreter/src/isa/riscv32/difftest/dut.d  /home/cilinmengye/ics2023/nemu/build/obj-riscv32-nemu-interpreter/src/isa/riscv32/difftest/dut.o unused >  /home/cilinmengye/ics2023/nemu/build/obj-riscv32-nemu-interpreter/src/isa/riscv32/difftest/dut.d.tmp
mv  /home/cilinmengye/ics2023/nemu/build/obj-riscv32-nemu-interpreter/src/isa/riscv32/difftest/dut.d.tmp  /home/cilinmengye/ics2023/nemu/build/obj-riscv32-nemu-interpreter/src/isa/riscv32/difftest/dut.d
echo + CC src/isa/riscv32/reg.c
mkdir -p /home/cilinmengye/ics2023/nemu/build/obj-riscv32-nemu-interpreter/src/isa/riscv32/
gcc -O2 -MMD -Wall -Werror -I/home/cilinmengye/ics2023/nemu/include -I/home/cilinmengye/ics2023/nemu/src/engine/interpreter -I/home/cilinmengye/ics2023/nemu/src/isa/riscv32/include -O2  -Og -ggdb3  -DITRACE_COND=true -D__GUEST_ISA__=riscv32 -c -o /home/cilinmengye/ics2023/nemu/build/obj-riscv32-nemu-interpreter/src/isa/riscv32/reg.o src/isa/riscv32/reg.c
/home/cilinmengye/ics2023/nemu/tools/fixdep/build/fixdep  /home/cilinmengye/ics2023/nemu/build/obj-riscv32-nemu-interpreter/src/isa/riscv32/reg.d  /home/cilinmengye/ics2023/nemu/build/obj-riscv32-nemu-interpreter/src/isa/riscv32/reg.o unused >  /home/cilinmengye/ics2023/nemu/build/obj-riscv32-nemu-interpreter/src/isa/riscv32/reg.d.tmp
mv  /home/cilinmengye/ics2023/nemu/build/obj-riscv32-nemu-interpreter/src/isa/riscv32/reg.d.tmp  /home/cilinmengye/ics2023/nemu/build/obj-riscv32-nemu-interpreter/src/isa/riscv32/reg.d
echo + CC src/isa/riscv32/init.c
mkdir -p /home/cilinmengye/ics2023/nemu/build/obj-riscv32-nemu-interpreter/src/isa/riscv32/
gcc -O2 -MMD -Wall -Werror -I/home/cilinmengye/ics2023/nemu/include -I/home/cilinmengye/ics2023/nemu/src/engine/interpreter -I/home/cilinmengye/ics2023/nemu/src/isa/riscv32/include -O2  -Og -ggdb3  -DITRACE_COND=true -D__GUEST_ISA__=riscv32 -c -o /home/cilinmengye/ics2023/nemu/build/obj-riscv32-nemu-interpreter/src/isa/riscv32/init.o src/isa/riscv32/init.c
/home/cilinmengye/ics2023/nemu/tools/fixdep/build/fixdep  /home/cilinmengye/ics2023/nemu/build/obj-riscv32-nemu-interpreter/src/isa/riscv32/init.d  /home/cilinmengye/ics2023/nemu/build/obj-riscv32-nemu-interpreter/src/isa/riscv32/init.o unused >  /home/cilinmengye/ics2023/nemu/build/obj-riscv32-nemu-interpreter/src/isa/riscv32/init.d.tmp
mv  /home/cilinmengye/ics2023/nemu/build/obj-riscv32-nemu-interpreter/src/isa/riscv32/init.d.tmp  /home/cilinmengye/ics2023/nemu/build/obj-riscv32-nemu-interpreter/src/isa/riscv32/init.d
echo + CC src/device/io/mmio.c
mkdir -p /home/cilinmengye/ics2023/nemu/build/obj-riscv32-nemu-interpreter/src/device/io/
gcc -O2 -MMD -Wall -Werror -I/home/cilinmengye/ics2023/nemu/include -I/home/cilinmengye/ics2023/nemu/src/engine/interpreter -I/home/cilinmengye/ics2023/nemu/src/isa/riscv32/include -O2  -Og -ggdb3  -DITRACE_COND=true -D__GUEST_ISA__=riscv32 -c -o /home/cilinmengye/ics2023/nemu/build/obj-riscv32-nemu-interpreter/src/device/io/mmio.o src/device/io/mmio.c
/home/cilinmengye/ics2023/nemu/tools/fixdep/build/fixdep  /home/cilinmengye/ics2023/nemu/build/obj-riscv32-nemu-interpreter/src/device/io/mmio.d  /home/cilinmengye/ics2023/nemu/build/obj-riscv32-nemu-interpreter/src/device/io/mmio.o unused >  /home/cilinmengye/ics2023/nemu/build/obj-riscv32-nemu-interpreter/src/device/io/mmio.d.tmp
mv  /home/cilinmengye/ics2023/nemu/build/obj-riscv32-nemu-interpreter/src/device/io/mmio.d.tmp  /home/cilinmengye/ics2023/nemu/build/obj-riscv32-nemu-interpreter/src/device/io/mmio.d
echo + CC src/device/io/map.c
mkdir -p /home/cilinmengye/ics2023/nemu/build/obj-riscv32-nemu-interpreter/src/device/io/
gcc -O2 -MMD -Wall -Werror -I/home/cilinmengye/ics2023/nemu/include -I/home/cilinmengye/ics2023/nemu/src/engine/interpreter -I/home/cilinmengye/ics2023/nemu/src/isa/riscv32/include -O2  -Og -ggdb3  -DITRACE_COND=true -D__GUEST_ISA__=riscv32 -c -o /home/cilinmengye/ics2023/nemu/build/obj-riscv32-nemu-interpreter/src/device/io/map.o src/device/io/map.c
/home/cilinmengye/ics2023/nemu/tools/fixdep/build/fixdep  /home/cilinmengye/ics2023/nemu/build/obj-riscv32-nemu-interpreter/src/device/io/map.d  /home/cilinmengye/ics2023/nemu/build/obj-riscv32-nemu-interpreter/src/device/io/map.o unused >  /home/cilinmengye/ics2023/nemu/build/obj-riscv32-nemu-interpreter/src/device/io/map.d.tmp
mv  /home/cilinmengye/ics2023/nemu/build/obj-riscv32-nemu-interpreter/src/device/io/map.d.tmp  /home/cilinmengye/ics2023/nemu/build/obj-riscv32-nemu-interpreter/src/device/io/map.d
echo + CC src/device/io/port-io.c
mkdir -p /home/cilinmengye/ics2023/nemu/build/obj-riscv32-nemu-interpreter/src/device/io/
gcc -O2 -MMD -Wall -Werror -I/home/cilinmengye/ics2023/nemu/include -I/home/cilinmengye/ics2023/nemu/src/engine/interpreter -I/home/cilinmengye/ics2023/nemu/src/isa/riscv32/include -O2  -Og -ggdb3  -DITRACE_COND=true -D__GUEST_ISA__=riscv32 -c -o /home/cilinmengye/ics2023/nemu/build/obj-riscv32-nemu-interpreter/src/device/io/port-io.o src/device/io/port-io.c
/home/cilinmengye/ics2023/nemu/tools/fixdep/build/fixdep  /home/cilinmengye/ics2023/nemu/build/obj-riscv32-nemu-interpreter/src/device/io/port-io.d  /home/cilinmengye/ics2023/nemu/build/obj-riscv32-nemu-interpreter/src/device/io/port-io.o unused >  /home/cilinmengye/ics2023/nemu/build/obj-riscv32-nemu-interpreter/src/device/io/port-io.d.tmp
mv  /home/cilinmengye/ics2023/nemu/build/obj-riscv32-nemu-interpreter/src/device/io/port-io.d.tmp  /home/cilinmengye/ics2023/nemu/build/obj-riscv32-nemu-interpreter/src/device/io/port-io.d
echo + LD /home/cilinmengye/ics2023/nemu/build/riscv32-nemu-interpreter
g++
 -o
 /home/cilinmengye/ics2023/nemu/build/riscv32-nemu-interpreter
 /home/cilinmengye/ics2023/nemu/build/obj-riscv32-nemu-interpreter/src/nemu-main.o
 /home/cilinmengye/ics2023/nemu/build/obj-riscv32-nemu-interpreter/src/device/device.o
 /home/cilinmengye/ics2023/nemu/build/obj-riscv32-nemu-interpreter/src/device/alarm.o
 /home/cilinmengye/ics2023/nemu/build/obj-riscv32-nemu-interpreter/src/device/intr.o
 /home/cilinmengye/ics2023/nemu/build/obj-riscv32-nemu-interpreter/src/device/serial.o
 /home/cilinmengye/ics2023/nemu/build/obj-riscv32-nemu-interpreter/src/device/timer.o
 /home/cilinmengye/ics2023/nemu/build/obj-riscv32-nemu-interpreter/src/device/keyboard.o
 /home/cilinmengye/ics2023/nemu/build/obj-riscv32-nemu-interpreter/src/device/vga.o
 /home/cilinmengye/ics2023/nemu/build/obj-riscv32-nemu-interpreter/src/device/audio.o
 /home/cilinmengye/ics2023/nemu/build/obj-riscv32-nemu-interpreter/src/device/disk.o
 /home/cilinmengye/ics2023/nemu/build/obj-riscv32-nemu-interpreter/src/cpu/cpu-exec.o
 /home/cilinmengye/ics2023/nemu/build/obj-riscv32-nemu-interpreter/src/cpu/difftest/dut.o
 /home/cilinmengye/ics2023/nemu/build/obj-riscv32-nemu-interpreter/src/cpu/difftest/ref.o
 /home/cilinmengye/ics2023/nemu/build/obj-riscv32-nemu-interpreter/src/monitor/monitor.o
 /home/cilinmengye/ics2023/nemu/build/obj-riscv32-nemu-interpreter/src/monitor/sdb/watchpoint.o
 /home/cilinmengye/ics2023/nemu/build/obj-riscv32-nemu-interpreter/src/monitor/sdb/sdb.o
 /home/cilinmengye/ics2023/nemu/build/obj-riscv32-nemu-interpreter/src/monitor/sdb/expr.o
 /home/cilinmengye/ics2023/nemu/build/obj-riscv32-nemu-interpreter/src/utils/log.o
 /home/cilinmengye/ics2023/nemu/build/obj-riscv32-nemu-interpreter/src/utils/state.o
 /home/cilinmengye/ics2023/nemu/build/obj-riscv32-nemu-interpreter/src/utils/trace.o
 /home/cilinmengye/ics2023/nemu/build/obj-riscv32-nemu-interpreter/src/utils/timer.o
 /home/cilinmengye/ics2023/nemu/build/obj-riscv32-nemu-interpreter/src/memory/paddr.o
 /home/cilinmengye/ics2023/nemu/build/obj-riscv32-nemu-interpreter/src/memory/vaddr.o
 /home/cilinmengye/ics2023/nemu/build/obj-riscv32-nemu-interpreter/src/engine/interpreter/hostcall.o
 /home/cilinmengye/ics2023/nemu/build/obj-riscv32-nemu-interpreter/src/engine/interpreter/init.o
 /home/cilinmengye/ics2023/nemu/build/obj-riscv32-nemu-interpreter/src/isa/riscv32/system/intr.o
 /home/cilinmengye/ics2023/nemu/build/obj-riscv32-nemu-interpreter/src/isa/riscv32/system/mmu.o
 /home/cilinmengye/ics2023/nemu/build/obj-riscv32-nemu-interpreter/src/isa/riscv32/inst.o
 /home/cilinmengye/ics2023/nemu/build/obj-riscv32-nemu-interpreter/src/isa/riscv32/logo.o
 /home/cilinmengye/ics2023/nemu/build/obj-riscv32-nemu-interpreter/src/isa/riscv32/difftest/dut.o
 /home/cilinmengye/ics2023/nemu/build/obj-riscv32-nemu-interpreter/src/isa/riscv32/reg.o
 /home/cilinmengye/ics2023/nemu/build/obj-riscv32-nemu-interpreter/src/isa/riscv32/init.o
 /home/cilinmengye/ics2023/nemu/build/obj-riscv32-nemu-interpreter/src/device/io/mmio.o
 /home/cilinmengye/ics2023/nemu/build/obj-riscv32-nemu-interpreter/src/device/io/map.o
 /home/cilinmengye/ics2023/nemu/build/obj-riscv32-nemu-interpreter/src/device/io/port-io.o
 
 -O2
 -O2
 
 -Og
 -ggdb3
 
 
 -lreadline
 -ldl
 -pie
 -lSDL2
git add /home/cilinmengye/ics2023/nemu/.. -A --ignore-errors
while (test -e .git/index.lock); do sleep 0.1; done
(echo ">  "compile NEMU"" && echo 834430027lin@gmail.com 次林梦叶 && uname -a && uptime) | git commit -F - -q --author='tracer-ics2023 <tracer@njuics.org>' --no-verify --allow-empty
sync
git add /home/cilinmengye/ics2023/nemu/.. -A --ignore-errors
while (test -e .git/index.lock); do sleep 0.1; done
(echo ">  "run NEMU"" && echo 834430027lin@gmail.com 次林梦叶 && uname -a && uptime) | git commit -F - -q --author='tracer-ics2023 <tracer@njuics.org>' --no-verify --allow-empty
sync
/home/cilinmengye/ics2023/nemu/build/riscv32-nemu-interpreter --log=/home/cilinmengye/ics2023/nemu/build/nemu-log.txt  
