# Building bird-run [native]
mkdir -p /home/cilinmengye/ics2023/navy-apps/apps/bird/build/native/repo/src/ && echo + CXX repo/src/Audio.cpp
g++ -std=c++17 -O2 -MMD -Irepo/include -I/home/cilinmengye/ics2023/navy-apps/apps/bird/include -I/home/cilinmengye/ics2023/navy-apps/libs/libSDL_image/include/ -I/home/cilinmengye/ics2023/navy-apps/libs/libfixedptc/include/ -I/home/cilinmengye/ics2023/navy-apps/libs/libminiSDL/include/ -static -D__NAVY__ -D__ISA__=\"native\" -D__ISA_NATIVE__ -fno-asynchronous-unwind-tables -fno-builtin -fno-stack-protector -ffreestanding -fno-rtti -fno-exceptions -c -o /home/cilinmengye/ics2023/navy-apps/apps/bird/build/native/repo/src/Audio.o /home/cilinmengye/ics2023/navy-apps/apps/bird/repo/src/Audio.cpp
mkdir -p /home/cilinmengye/ics2023/navy-apps/apps/bird/build/native/repo/src/ && echo + CXX repo/src/Video.cpp
g++ -std=c++17 -O2 -MMD -Irepo/include -I/home/cilinmengye/ics2023/navy-apps/apps/bird/include -I/home/cilinmengye/ics2023/navy-apps/libs/libSDL_image/include/ -I/home/cilinmengye/ics2023/navy-apps/libs/libfixedptc/include/ -I/home/cilinmengye/ics2023/navy-apps/libs/libminiSDL/include/ -static -D__NAVY__ -D__ISA__=\"native\" -D__ISA_NATIVE__ -fno-asynchronous-unwind-tables -fno-builtin -fno-stack-protector -ffreestanding -fno-rtti -fno-exceptions -c -o /home/cilinmengye/ics2023/navy-apps/apps/bird/build/native/repo/src/Video.o /home/cilinmengye/ics2023/navy-apps/apps/bird/repo/src/Video.cpp
mkdir -p /home/cilinmengye/ics2023/navy-apps/apps/bird/build/native/repo/src/ && echo + CXX repo/src/Sprite.cpp
g++ -std=c++17 -O2 -MMD -Irepo/include -I/home/cilinmengye/ics2023/navy-apps/apps/bird/include -I/home/cilinmengye/ics2023/navy-apps/libs/libSDL_image/include/ -I/home/cilinmengye/ics2023/navy-apps/libs/libfixedptc/include/ -I/home/cilinmengye/ics2023/navy-apps/libs/libminiSDL/include/ -static -D__NAVY__ -D__ISA__=\"native\" -D__ISA_NATIVE__ -fno-asynchronous-unwind-tables -fno-builtin -fno-stack-protector -ffreestanding -fno-rtti -fno-exceptions -c -o /home/cilinmengye/ics2023/navy-apps/apps/bird/build/native/repo/src/Sprite.o /home/cilinmengye/ics2023/navy-apps/apps/bird/repo/src/Sprite.cpp
mkdir -p /home/cilinmengye/ics2023/navy-apps/apps/bird/build/native/repo/src/ && echo + CXX repo/src/BirdMain.cpp
g++ -std=c++17 -O2 -MMD -Irepo/include -I/home/cilinmengye/ics2023/navy-apps/apps/bird/include -I/home/cilinmengye/ics2023/navy-apps/libs/libSDL_image/include/ -I/home/cilinmengye/ics2023/navy-apps/libs/libfixedptc/include/ -I/home/cilinmengye/ics2023/navy-apps/libs/libminiSDL/include/ -static -D__NAVY__ -D__ISA__=\"native\" -D__ISA_NATIVE__ -fno-asynchronous-unwind-tables -fno-builtin -fno-stack-protector -ffreestanding -fno-rtti -fno-exceptions -c -o /home/cilinmengye/ics2023/navy-apps/apps/bird/build/native/repo/src/BirdMain.o /home/cilinmengye/ics2023/navy-apps/apps/bird/repo/src/BirdMain.cpp
mkdir -p /home/cilinmengye/ics2023/navy-apps/apps/bird/build/native/repo/src/ && echo + CXX repo/src/BirdGame.cpp
g++ -std=c++17 -O2 -MMD -Irepo/include -I/home/cilinmengye/ics2023/navy-apps/apps/bird/include -I/home/cilinmengye/ics2023/navy-apps/libs/libSDL_image/include/ -I/home/cilinmengye/ics2023/navy-apps/libs/libfixedptc/include/ -I/home/cilinmengye/ics2023/navy-apps/libs/libminiSDL/include/ -static -D__NAVY__ -D__ISA__=\"native\" -D__ISA_NATIVE__ -fno-asynchronous-unwind-tables -fno-builtin -fno-stack-protector -ffreestanding -fno-rtti -fno-exceptions -c -o /home/cilinmengye/ics2023/navy-apps/apps/bird/build/native/repo/src/BirdGame.o /home/cilinmengye/ics2023/navy-apps/apps/bird/repo/src/BirdGame.cpp
for t in libSDL_image libfixedptc libminiSDL ; do make -s -C /home/cilinmengye/ics2023/navy-apps/libs/$t archive; done
# Building libSDL_image-archive [native]
mkdir -p /home/cilinmengye/ics2023/navy-apps/libs/libSDL_image/build/native/./src/ && echo + CC src/image.c
gcc -std=gnu11 -O2 -MMD -I/home/cilinmengye/ics2023/navy-apps/libs/libSDL_image/include -I/home/cilinmengye/ics2023/navy-apps/libs/libfixedptc/include/ -I/home/cilinmengye/ics2023/navy-apps/libs/libminiSDL/include/ -static -D__NAVY__ -D__ISA__=\"native\" -D__ISA_NATIVE__ -fno-asynchronous-unwind-tables -fno-builtin -fno-stack-protector -c -o /home/cilinmengye/ics2023/navy-apps/libs/libSDL_image/build/native/./src/image.o /home/cilinmengye/ics2023/navy-apps/libs/libSDL_image/src/image.c
for t in libfixedptc libminiSDL ; do make -s -C /home/cilinmengye/ics2023/navy-apps/libs/$t archive; done
# Building libfixedptc-archive [native]
mkdir -p /home/cilinmengye/ics2023/navy-apps/libs/libfixedptc/build/native/ && echo + CC fixedptc.c
gcc -std=gnu11 -O2 -MMD -I/home/cilinmengye/ics2023/navy-apps/libs/libfixedptc/include -static -D__NAVY__ -D__ISA__=\"native\" -D__ISA_NATIVE__ -fno-asynchronous-unwind-tables -fno-builtin -fno-stack-protector -c -o /home/cilinmengye/ics2023/navy-apps/libs/libfixedptc/build/native/fixedptc.o /home/cilinmengye/ics2023/navy-apps/libs/libfixedptc/fixedptc.c
for t in  ; do make -s -C /home/cilinmengye/ics2023/navy-apps/libs/$t archive; done
echo + AR "->" build/libfixedptc-native.a
ar rcsT /home/cilinmengye/ics2023/navy-apps/libs/libfixedptc/build/libfixedptc-native.a /home/cilinmengye/ics2023/navy-apps/libs/libfixedptc/build/native/fixedptc.o 
# Building libminiSDL-archive [native]
mkdir -p /home/cilinmengye/ics2023/navy-apps/libs/libminiSDL/build/native/src/ && echo + CC src/general.c
gcc -std=gnu11 -O2 -MMD -I/home/cilinmengye/ics2023/navy-apps/libs/libminiSDL/include -I/home/cilinmengye/ics2023/navy-apps/libs/libndl/include/ -static -D__NAVY__ -D__ISA__=\"native\" -D__ISA_NATIVE__ -fno-asynchronous-unwind-tables -fno-builtin -fno-stack-protector -c -o /home/cilinmengye/ics2023/navy-apps/libs/libminiSDL/build/native/src/general.o /home/cilinmengye/ics2023/navy-apps/libs/libminiSDL/src/general.c
mkdir -p /home/cilinmengye/ics2023/navy-apps/libs/libminiSDL/build/native/src/ && echo + CC src/event.c
gcc -std=gnu11 -O2 -MMD -I/home/cilinmengye/ics2023/navy-apps/libs/libminiSDL/include -I/home/cilinmengye/ics2023/navy-apps/libs/libndl/include/ -static -D__NAVY__ -D__ISA__=\"native\" -D__ISA_NATIVE__ -fno-asynchronous-unwind-tables -fno-builtin -fno-stack-protector -c -o /home/cilinmengye/ics2023/navy-apps/libs/libminiSDL/build/native/src/event.o /home/cilinmengye/ics2023/navy-apps/libs/libminiSDL/src/event.c
mkdir -p /home/cilinmengye/ics2023/navy-apps/libs/libminiSDL/build/native/src/ && echo + CC src/video.c
gcc -std=gnu11 -O2 -MMD -I/home/cilinmengye/ics2023/navy-apps/libs/libminiSDL/include -I/home/cilinmengye/ics2023/navy-apps/libs/libndl/include/ -static -D__NAVY__ -D__ISA__=\"native\" -D__ISA_NATIVE__ -fno-asynchronous-unwind-tables -fno-builtin -fno-stack-protector -c -o /home/cilinmengye/ics2023/navy-apps/libs/libminiSDL/build/native/src/video.o /home/cilinmengye/ics2023/navy-apps/libs/libminiSDL/src/video.c
mkdir -p /home/cilinmengye/ics2023/navy-apps/libs/libminiSDL/build/native/src/ && echo + CC src/timer.c
gcc -std=gnu11 -O2 -MMD -I/home/cilinmengye/ics2023/navy-apps/libs/libminiSDL/include -I/home/cilinmengye/ics2023/navy-apps/libs/libndl/include/ -static -D__NAVY__ -D__ISA__=\"native\" -D__ISA_NATIVE__ -fno-asynchronous-unwind-tables -fno-builtin -fno-stack-protector -c -o /home/cilinmengye/ics2023/navy-apps/libs/libminiSDL/build/native/src/timer.o /home/cilinmengye/ics2023/navy-apps/libs/libminiSDL/src/timer.c
mkdir -p /home/cilinmengye/ics2023/navy-apps/libs/libminiSDL/build/native/src/ && echo + CC src/audio.c
gcc -std=gnu11 -O2 -MMD -I/home/cilinmengye/ics2023/navy-apps/libs/libminiSDL/include -I/home/cilinmengye/ics2023/navy-apps/libs/libndl/include/ -static -D__NAVY__ -D__ISA__=\"native\" -D__ISA_NATIVE__ -fno-asynchronous-unwind-tables -fno-builtin -fno-stack-protector -c -o /home/cilinmengye/ics2023/navy-apps/libs/libminiSDL/build/native/src/audio.o /home/cilinmengye/ics2023/navy-apps/libs/libminiSDL/src/audio.c
mkdir -p /home/cilinmengye/ics2023/navy-apps/libs/libminiSDL/build/native/src/ && echo + CC src/file.c
gcc -std=gnu11 -O2 -MMD -I/home/cilinmengye/ics2023/navy-apps/libs/libminiSDL/include -I/home/cilinmengye/ics2023/navy-apps/libs/libndl/include/ -static -D__NAVY__ -D__ISA__=\"native\" -D__ISA_NATIVE__ -fno-asynchronous-unwind-tables -fno-builtin -fno-stack-protector -c -o /home/cilinmengye/ics2023/navy-apps/libs/libminiSDL/build/native/src/file.o /home/cilinmengye/ics2023/navy-apps/libs/libminiSDL/src/file.c
for t in libndl ; do make -s -C /home/cilinmengye/ics2023/navy-apps/libs/$t archive; done
# Building libndl-archive [native]
mkdir -p /home/cilinmengye/ics2023/navy-apps/libs/libndl/build/native/ && echo + CC NDL.c
gcc -std=gnu11 -O2 -MMD -I/home/cilinmengye/ics2023/navy-apps/libs/libndl/include -static -D__NAVY__ -D__ISA__=\"native\" -D__ISA_NATIVE__ -fno-asynchronous-unwind-tables -fno-builtin -fno-stack-protector -c -o /home/cilinmengye/ics2023/navy-apps/libs/libndl/build/native/NDL.o /home/cilinmengye/ics2023/navy-apps/libs/libndl/NDL.c
for t in  ; do make -s -C /home/cilinmengye/ics2023/navy-apps/libs/$t archive; done
echo + AR "->" build/libndl-native.a
ar rcsT /home/cilinmengye/ics2023/navy-apps/libs/libndl/build/libndl-native.a /home/cilinmengye/ics2023/navy-apps/libs/libndl/build/native/NDL.o 
echo + AR "->" build/libminiSDL-native.a
ar rcsT /home/cilinmengye/ics2023/navy-apps/libs/libminiSDL/build/libminiSDL-native.a /home/cilinmengye/ics2023/navy-apps/libs/libminiSDL/build/native/src/general.o /home/cilinmengye/ics2023/navy-apps/libs/libminiSDL/build/native/src/event.o /home/cilinmengye/ics2023/navy-apps/libs/libminiSDL/build/native/src/video.o /home/cilinmengye/ics2023/navy-apps/libs/libminiSDL/build/native/src/timer.o /home/cilinmengye/ics2023/navy-apps/libs/libminiSDL/build/native/src/audio.o /home/cilinmengye/ics2023/navy-apps/libs/libminiSDL/build/native/src/file.o /home/cilinmengye/ics2023/navy-apps/libs/libndl/build/libndl-native.a
echo + AR "->" build/libSDL_image-native.a
ar rcsT /home/cilinmengye/ics2023/navy-apps/libs/libSDL_image/build/libSDL_image-native.a /home/cilinmengye/ics2023/navy-apps/libs/libSDL_image/build/native/./src/image.o /home/cilinmengye/ics2023/navy-apps/libs/libfixedptc/build/libfixedptc-native.a /home/cilinmengye/ics2023/navy-apps/libs/libminiSDL/build/libminiSDL-native.a
# Building libfixedptc-archive [native]
mkdir -p /home/cilinmengye/ics2023/navy-apps/libs/libfixedptc/build/native/ && echo + CC fixedptc.c
gcc -std=gnu11 -O2 -MMD -I/home/cilinmengye/ics2023/navy-apps/libs/libfixedptc/include -static -D__NAVY__ -D__ISA__=\"native\" -D__ISA_NATIVE__ -fno-asynchronous-unwind-tables -fno-builtin -fno-stack-protector -c -o /home/cilinmengye/ics2023/navy-apps/libs/libfixedptc/build/native/fixedptc.o /home/cilinmengye/ics2023/navy-apps/libs/libfixedptc/fixedptc.c
for t in  ; do make -s -C /home/cilinmengye/ics2023/navy-apps/libs/$t archive; done
echo + AR "->" build/libfixedptc-native.a
ar rcsT /home/cilinmengye/ics2023/navy-apps/libs/libfixedptc/build/libfixedptc-native.a /home/cilinmengye/ics2023/navy-apps/libs/libfixedptc/build/native/fixedptc.o 
# Building libminiSDL-archive [native]
mkdir -p /home/cilinmengye/ics2023/navy-apps/libs/libminiSDL/build/native/src/ && echo + CC src/general.c
gcc -std=gnu11 -O2 -MMD -I/home/cilinmengye/ics2023/navy-apps/libs/libminiSDL/include -I/home/cilinmengye/ics2023/navy-apps/libs/libndl/include/ -static -D__NAVY__ -D__ISA__=\"native\" -D__ISA_NATIVE__ -fno-asynchronous-unwind-tables -fno-builtin -fno-stack-protector -c -o /home/cilinmengye/ics2023/navy-apps/libs/libminiSDL/build/native/src/general.o /home/cilinmengye/ics2023/navy-apps/libs/libminiSDL/src/general.c
mkdir -p /home/cilinmengye/ics2023/navy-apps/libs/libminiSDL/build/native/src/ && echo + CC src/event.c
gcc -std=gnu11 -O2 -MMD -I/home/cilinmengye/ics2023/navy-apps/libs/libminiSDL/include -I/home/cilinmengye/ics2023/navy-apps/libs/libndl/include/ -static -D__NAVY__ -D__ISA__=\"native\" -D__ISA_NATIVE__ -fno-asynchronous-unwind-tables -fno-builtin -fno-stack-protector -c -o /home/cilinmengye/ics2023/navy-apps/libs/libminiSDL/build/native/src/event.o /home/cilinmengye/ics2023/navy-apps/libs/libminiSDL/src/event.c
mkdir -p /home/cilinmengye/ics2023/navy-apps/libs/libminiSDL/build/native/src/ && echo + CC src/video.c
gcc -std=gnu11 -O2 -MMD -I/home/cilinmengye/ics2023/navy-apps/libs/libminiSDL/include -I/home/cilinmengye/ics2023/navy-apps/libs/libndl/include/ -static -D__NAVY__ -D__ISA__=\"native\" -D__ISA_NATIVE__ -fno-asynchronous-unwind-tables -fno-builtin -fno-stack-protector -c -o /home/cilinmengye/ics2023/navy-apps/libs/libminiSDL/build/native/src/video.o /home/cilinmengye/ics2023/navy-apps/libs/libminiSDL/src/video.c
mkdir -p /home/cilinmengye/ics2023/navy-apps/libs/libminiSDL/build/native/src/ && echo + CC src/timer.c
gcc -std=gnu11 -O2 -MMD -I/home/cilinmengye/ics2023/navy-apps/libs/libminiSDL/include -I/home/cilinmengye/ics2023/navy-apps/libs/libndl/include/ -static -D__NAVY__ -D__ISA__=\"native\" -D__ISA_NATIVE__ -fno-asynchronous-unwind-tables -fno-builtin -fno-stack-protector -c -o /home/cilinmengye/ics2023/navy-apps/libs/libminiSDL/build/native/src/timer.o /home/cilinmengye/ics2023/navy-apps/libs/libminiSDL/src/timer.c
mkdir -p /home/cilinmengye/ics2023/navy-apps/libs/libminiSDL/build/native/src/ && echo + CC src/audio.c
gcc -std=gnu11 -O2 -MMD -I/home/cilinmengye/ics2023/navy-apps/libs/libminiSDL/include -I/home/cilinmengye/ics2023/navy-apps/libs/libndl/include/ -static -D__NAVY__ -D__ISA__=\"native\" -D__ISA_NATIVE__ -fno-asynchronous-unwind-tables -fno-builtin -fno-stack-protector -c -o /home/cilinmengye/ics2023/navy-apps/libs/libminiSDL/build/native/src/audio.o /home/cilinmengye/ics2023/navy-apps/libs/libminiSDL/src/audio.c
mkdir -p /home/cilinmengye/ics2023/navy-apps/libs/libminiSDL/build/native/src/ && echo + CC src/file.c
gcc -std=gnu11 -O2 -MMD -I/home/cilinmengye/ics2023/navy-apps/libs/libminiSDL/include -I/home/cilinmengye/ics2023/navy-apps/libs/libndl/include/ -static -D__NAVY__ -D__ISA__=\"native\" -D__ISA_NATIVE__ -fno-asynchronous-unwind-tables -fno-builtin -fno-stack-protector -c -o /home/cilinmengye/ics2023/navy-apps/libs/libminiSDL/build/native/src/file.o /home/cilinmengye/ics2023/navy-apps/libs/libminiSDL/src/file.c
for t in libndl ; do make -s -C /home/cilinmengye/ics2023/navy-apps/libs/$t archive; done
# Building libndl-archive [native]
mkdir -p /home/cilinmengye/ics2023/navy-apps/libs/libndl/build/native/ && echo + CC NDL.c
gcc -std=gnu11 -O2 -MMD -I/home/cilinmengye/ics2023/navy-apps/libs/libndl/include -static -D__NAVY__ -D__ISA__=\"native\" -D__ISA_NATIVE__ -fno-asynchronous-unwind-tables -fno-builtin -fno-stack-protector -c -o /home/cilinmengye/ics2023/navy-apps/libs/libndl/build/native/NDL.o /home/cilinmengye/ics2023/navy-apps/libs/libndl/NDL.c
for t in  ; do make -s -C /home/cilinmengye/ics2023/navy-apps/libs/$t archive; done
echo + AR "->" build/libndl-native.a
ar rcsT /home/cilinmengye/ics2023/navy-apps/libs/libndl/build/libndl-native.a /home/cilinmengye/ics2023/navy-apps/libs/libndl/build/native/NDL.o 
echo + AR "->" build/libminiSDL-native.a
ar rcsT /home/cilinmengye/ics2023/navy-apps/libs/libminiSDL/build/libminiSDL-native.a /home/cilinmengye/ics2023/navy-apps/libs/libminiSDL/build/native/src/general.o /home/cilinmengye/ics2023/navy-apps/libs/libminiSDL/build/native/src/event.o /home/cilinmengye/ics2023/navy-apps/libs/libminiSDL/build/native/src/video.o /home/cilinmengye/ics2023/navy-apps/libs/libminiSDL/build/native/src/timer.o /home/cilinmengye/ics2023/navy-apps/libs/libminiSDL/build/native/src/audio.o /home/cilinmengye/ics2023/navy-apps/libs/libminiSDL/build/native/src/file.o /home/cilinmengye/ics2023/navy-apps/libs/libndl/build/libndl-native.a
echo + LD "->" build/bird-native
g++
 -o
 /home/cilinmengye/ics2023/navy-apps/apps/bird/build/bird-native
 -Wl,--start-group
 /home/cilinmengye/ics2023/navy-apps/apps/bird/build/native/repo/src/Audio.o
 /home/cilinmengye/ics2023/navy-apps/apps/bird/build/native/repo/src/Video.o
 /home/cilinmengye/ics2023/navy-apps/apps/bird/build/native/repo/src/Sprite.o
 /home/cilinmengye/ics2023/navy-apps/apps/bird/build/native/repo/src/BirdMain.o
 /home/cilinmengye/ics2023/navy-apps/apps/bird/build/native/repo/src/BirdGame.o
 /home/cilinmengye/ics2023/navy-apps/libs/libSDL_image/build/libSDL_image-native.a
 /home/cilinmengye/ics2023/navy-apps/libs/libfixedptc/build/libfixedptc-native.a
 /home/cilinmengye/ics2023/navy-apps/libs/libminiSDL/build/libminiSDL-native.a
 -Wl,--end-group
make -C /home/cilinmengye/ics2023/navy-apps/libs/libos ISA=native
make[1]: Entering directory '/home/cilinmengye/ics2023/navy-apps/libs/libos'
mkdir -p build/
g++ -std=c++11 -O1 -fPIC -shared -o build/native.so src/native.cpp -ldl -lSDL2
make[1]: Leaving directory '/home/cilinmengye/ics2023/navy-apps/libs/libos'
LD_PRELOAD=/home/cilinmengye/ics2023/navy-apps/libs/libos/build/native.so /home/cilinmengye/ics2023/navy-apps/apps/bird/build/bird-native 
